Component: ARM Compiler 5.06 update 5 (build 528) Tool: armlink [4d35e2]

==============================================================================

Section Cross References

    startup_stm32f070x6.o(RESET) refers to startup_stm32f070x6.o(STACK) for __initial_sp
    startup_stm32f070x6.o(RESET) refers to startup_stm32f070x6.o(.text) for Reset_Handler
    startup_stm32f070x6.o(RESET) refers to stm32f0xx_it.o(i.NMI_Handler) for NMI_Handler
    startup_stm32f070x6.o(RESET) refers to stm32f0xx_it.o(i.HardFault_Handler) for HardFault_Handler
    startup_stm32f070x6.o(RESET) refers to stm32f0xx_it.o(i.SVC_Handler) for SVC_Handler
    startup_stm32f070x6.o(RESET) refers to stm32f0xx_it.o(i.PendSV_Handler) for PendSV_Handler
    startup_stm32f070x6.o(RESET) refers to stm32f0xx_it.o(i.SysTick_Handler) for SysTick_Handler
    startup_stm32f070x6.o(RESET) refers to main.o(i.USART1_IRQHandler) for USART1_IRQHandler
    startup_stm32f070x6.o(RESET) refers to stm32f0xx_it.o(i.USART2_IRQHandler) for USART2_IRQHandler
    startup_stm32f070x6.o(.text) refers to startup_stm32f070x6.o(STACK) for __initial_sp
    startup_stm32f070x6.o(.text) refers to system_stm32f0xx.o(i.SystemInit) for SystemInit
    startup_stm32f070x6.o(.text) refers to entry.o(.ARM.Collect$$$$00000000) for __main
    main.o(i.FLASH_Erase) refers to stm32f0xx_hal_flash.o(i.HAL_FLASH_Unlock) for HAL_FLASH_Unlock
    main.o(i.FLASH_Erase) refers to stm32f0xx_hal_flash_ex.o(i.FLASH_PageErase) for FLASH_PageErase
    main.o(i.FLASH_Erase) refers to stm32f0xx_hal_flash.o(i.HAL_FLASH_Lock) for HAL_FLASH_Lock
    main.o(i.Get_Params) refers to main.o(i.Ascii_To_Hex_Short) for Ascii_To_Hex_Short
    main.o(i.Get_Raw_FW) refers to stm32f0xx_hal_flash.o(i.HAL_FLASH_Unlock) for HAL_FLASH_Unlock
    main.o(i.Get_Raw_FW) refers to main.o(i.Read_NB) for Read_NB
    main.o(i.Get_Raw_FW) refers to main.o(i.Ascii_To_Hex) for Ascii_To_Hex
    main.o(i.Get_Raw_FW) refers to stm32f0xx_hal_flash.o(i.HAL_FLASH_Program) for HAL_FLASH_Program
    main.o(i.Get_Raw_FW) refers to stm32f0xx_hal_flash.o(i.HAL_FLASH_Lock) for HAL_FLASH_Lock
    main.o(i.Get_Raw_FW) refers to main.o(.data) for buff
    main.o(i.HAL_SYSTICK_Callback) refers to stm32f0xx_hal.o(i.HAL_GetTick) for HAL_GetTick
    main.o(i.HAL_SYSTICK_Callback) refers to main.o(i.Pack_buff) for Pack_buff
    main.o(i.HAL_SYSTICK_Callback) refers to main.o(.data) for MillisecondTick
    main.o(i.HAL_SYSTICK_Callback) refers to main.o(.bss) for send_buf
    main.o(i.HAL_UART_RxCpltCallback) refers to stm32f0xx_hal.o(i.HAL_GetTick) for HAL_GetTick
    main.o(i.HAL_UART_RxCpltCallback) refers to main.o(.data) for ind
    main.o(i.HAL_UART_RxCpltCallback) refers to main.o(.bss) for rdata
    main.o(i.HAL_UART_TxCpltCallback) refers to main.o(.data) for sdata
    main.o(i.Pack_buff) refers to param_crc.o(i.param_crc16_init) for param_crc16_init
    main.o(i.Pack_buff) refers to param_crc.o(i.param_crc16_update) for param_crc16_update
    main.o(i.Pack_buff) refers to param_crc.o(i.param_crc16_finit) for param_crc16_finit
    main.o(i.Parce_CMD) refers to main.o(i.Pack_buff) for Pack_buff
    main.o(i.Parce_CMD) refers to stm32f0xx_hal_uart.o(i.HAL_UART_Transmit) for HAL_UART_Transmit
    main.o(i.Parce_CMD) refers to main.o(i.Get_Params) for Get_Params
    main.o(i.Parce_CMD) refers to stm32f0xx_hal_flash.o(i.HAL_FLASH_Unlock) for HAL_FLASH_Unlock
    main.o(i.Parce_CMD) refers to stm32f0xx_hal_flash_ex.o(i.FLASH_PageErase) for FLASH_PageErase
    main.o(i.Parce_CMD) refers to stm32f0xx_hal_flash.o(i.HAL_FLASH_Lock) for HAL_FLASH_Lock
    main.o(i.Parce_CMD) refers to main.o(i.Get_Raw_FW) for Get_Raw_FW
    main.o(i.Parce_CMD) refers to main.o(.data) for state_flag
    main.o(i.Parce_CMD) refers to main.o(.bss) for send_buf
    main.o(i.Parce_CMD) refers to usart.o(.bss) for huart1
    main.o(i.Parce_Packet) refers to param_crc.o(i.param_crc16_init) for param_crc16_init
    main.o(i.Parce_Packet) refers to param_crc.o(i.param_crc16_update) for param_crc16_update
    main.o(i.Parce_Packet) refers to main.o(i.Parce_CMD) for Parce_CMD
    main.o(i.Parce_Packet) refers to main.o(.data) for ind
    main.o(i.Parce_Packet) refers to main.o(.bss) for rdata
    main.o(i.Read_NB) refers to main.o(.data) for buff
    main.o(i.SystemClock_Config) refers to stm32f0xx_hal_rcc.o(i.HAL_RCC_OscConfig) for HAL_RCC_OscConfig
    main.o(i.SystemClock_Config) refers to main.o(i._Error_Handler) for _Error_Handler
    main.o(i.SystemClock_Config) refers to stm32f0xx_hal_rcc.o(i.HAL_RCC_ClockConfig) for HAL_RCC_ClockConfig
    main.o(i.SystemClock_Config) refers to stm32f0xx_hal_rcc.o(i.HAL_RCC_GetHCLKFreq) for HAL_RCC_GetHCLKFreq
    main.o(i.SystemClock_Config) refers to uidiv.o(.text) for __aeabi_uidivmod
    main.o(i.SystemClock_Config) refers to stm32f0xx_hal_cortex.o(i.HAL_SYSTICK_Config) for HAL_SYSTICK_Config
    main.o(i.SystemClock_Config) refers to stm32f0xx_hal_cortex.o(i.HAL_SYSTICK_CLKSourceConfig) for HAL_SYSTICK_CLKSourceConfig
[...]
    stm32f0xx_hal_i2c.o(i.HAL_I2C_Mem_Write) refers to stm32f0xx_hal_i2c.o(i.I2C_WaitOnFlagUntilTimeout) for I2C_WaitOnFlagUntilTimeout
    stm32f0xx_hal_i2c.o(i.HAL_I2C_Mem_Write) refers to stm32f0xx_hal_i2c.o(i.I2C_RequestMemoryWrite) for I2C_RequestMemoryWrite
    stm32f0xx_hal_i2c.o(i.HAL_I2C_Mem_Write) refers to stm32f0xx_hal_i2c.o(i.I2C_TransferConfig) for I2C_TransferConfig
    stm32f0xx_hal_i2c.o(i.HAL_I2C_Mem_Write) refers to stm32f0xx_hal_i2c.o(i.I2C_WaitOnTXISFlagUntilTimeout) for I2C_WaitOnTXISFlagUntilTimeout
    stm32f0xx_hal_i2c.o(i.HAL_I2C_Mem_Write) refers to stm32f0xx_hal_i2c.o(i.I2C_WaitOnSTOPFlagUntilTimeout) for I2C_WaitOnSTOPFlagUntilTimeout
    stm32f0xx_hal_i2c.o(i.HAL_I2C_Mem_Write_DMA) refers to stm32f0xx_hal.o(i.HAL_GetTick) for HAL_GetTick
    stm32f0xx_hal_i2c.o(i.HAL_I2C_Mem_Write_DMA) refers to stm32f0xx_hal_i2c.o(i.I2C_RequestMemoryWrite) for I2C_RequestMemoryWrite
    stm32f0xx_hal_i2c.o(i.HAL_I2C_Mem_Write_DMA) refers to stm32f0xx_hal_dma.o(i.HAL_DMA_Start_IT) for HAL_DMA_Start_IT
    stm32f0xx_hal_i2c.o(i.HAL_I2C_Mem_Write_DMA) refers to stm32f0xx_hal_i2c.o(i.I2C_TransferConfig) for I2C_TransferConfig
    stm32f0xx_hal_i2c.o(i.HAL_I2C_Mem_Write_DMA) refers to stm32f0xx_hal_i2c.o(i.I2C_Enable_IRQ) for I2C_Enable_IRQ
    stm32f0xx_hal_i2c.o(i.HAL_I2C_Mem_Write_DMA) refers to stm32f0xx_hal_i2c.o(i.I2C_Master_ISR_DMA) for I2C_Master_ISR_DMA
    stm32f0xx_hal_i2c.o(i.HAL_I2C_Mem_Write_DMA) refers to stm32f0xx_hal_i2c.o(i.I2C_DMAMasterTransmitCplt) for I2C_DMAMasterTransmitCplt
    stm32f0xx_hal_i2c.o(i.HAL_I2C_Mem_Write_DMA) refers to stm32f0xx_hal_i2c.o(i.I2C_DMAError) for I2C_DMAError
    stm32f0xx_hal_i2c.o(i.HAL_I2C_Mem_Write_IT) refers to stm32f0xx_hal.o(i.HAL_GetTick) for HAL_GetTick
    stm32f0xx_hal_i2c.o(i.HAL_I2C_Mem_Write_IT) refers to stm32f0xx_hal_i2c.o(i.I2C_RequestMemoryWrite) for I2C_RequestMemoryWrite
    stm32f0xx_hal_i2c.o(i.HAL_I2C_Mem_Write_IT) refers to stm32f0xx_hal_i2c.o(i.I2C_TransferConfig) for I2C_TransferConfig
    stm32f0xx_hal_i2c.o(i.HAL_I2C_Mem_Write_IT) refers to stm32f0xx_hal_i2c.o(i.I2C_Enable_IRQ) for I2C_Enable_IRQ
    stm32f0xx_hal_i2c.o(i.HAL_I2C_Mem_Write_IT) refers to stm32f0xx_hal_i2c.o(i.I2C_Master_ISR_IT) for I2C_Master_ISR_IT
    stm32f0xx_hal_i2c.o(i.HAL_I2C_Slave_Receive) refers to stm32f0xx_hal.o(i.HAL_GetTick) for HAL_GetTick
    stm32f0xx_hal_i2c.o(i.HAL_I2C_Slave_Receive) refers to stm32f0xx_hal_i2c.o(i.I2C_WaitOnFlagUntilTimeout) for I2C_WaitOnFlagUntilTimeout
    stm32f0xx_hal_i2c.o(i.HAL_I2C_Slave_Receive) refers to stm32f0xx_hal_i2c.o(i.I2C_WaitOnRXNEFlagUntilTimeout) for I2C_WaitOnRXNEFlagUntilTimeout
    stm32f0xx_hal_i2c.o(i.HAL_I2C_Slave_Receive) refers to stm32f0xx_hal_i2c.o(i.I2C_WaitOnSTOPFlagUntilTimeout) for I2C_WaitOnSTOPFlagUntilTimeout
    stm32f0xx_hal_i2c.o(i.HAL_I2C_Slave_Receive_DMA) refers to stm32f0xx_hal_dma.o(i.HAL_DMA_Start_IT) for HAL_DMA_Start_IT
    stm32f0xx_hal_i2c.o(i.HAL_I2C_Slave_Receive_DMA) refers to stm32f0xx_hal_i2c.o(i.I2C_Enable_IRQ) for I2C_Enable_IRQ
    stm32f0xx_hal_i2c.o(i.HAL_I2C_Slave_Receive_DMA) refers to stm32f0xx_hal_i2c.o(i.I2C_Slave_ISR_DMA) for I2C_Slave_ISR_DMA
    stm32f0xx_hal_i2c.o(i.HAL_I2C_Slave_Receive_DMA) refers to stm32f0xx_hal_i2c.o(i.I2C_DMASlaveReceiveCplt) for I2C_DMASlaveReceiveCplt
    stm32f0xx_hal_i2c.o(i.HAL_I2C_Slave_Receive_DMA) refers to stm32f0xx_hal_i2c.o(i.I2C_DMAError) for I2C_DMAError
    stm32f0xx_hal_i2c.o(i.HAL_I2C_Slave_Receive_IT) refers to stm32f0xx_hal_i2c.o(i.I2C_Enable_IRQ) for I2C_Enable_IRQ
    stm32f0xx_hal_i2c.o(i.HAL_I2C_Slave_Receive_IT) refers to stm32f0xx_hal_i2c.o(i.I2C_Slave_ISR_IT) for I2C_Slave_ISR_IT
    stm32f0xx_hal_i2c.o(i.HAL_I2C_Slave_Sequential_Receive_IT) refers to stm32f0xx_hal_i2c.o(i.I2C_Disable_IRQ) for I2C_Disable_IRQ
    stm32f0xx_hal_i2c.o(i.HAL_I2C_Slave_Sequential_Receive_IT) refers to stm32f0xx_hal_i2c.o(i.I2C_Enable_IRQ) for I2C_Enable_IRQ
    stm32f0xx_hal_i2c.o(i.HAL_I2C_Slave_Sequential_Receive_IT) refers to stm32f0xx_hal_i2c.o(i.I2C_Slave_ISR_IT) for I2C_Slave_ISR_IT
    stm32f0xx_hal_i2c.o(i.HAL_I2C_Slave_Sequential_Transmit_IT) refers to stm32f0xx_hal_i2c.o(i.I2C_Disable_IRQ) for I2C_Disable_IRQ
    stm32f0xx_hal_i2c.o(i.HAL_I2C_Slave_Sequential_Transmit_IT) refers to stm32f0xx_hal_i2c.o(i.I2C_Enable_IRQ) for I2C_Enable_IRQ
    stm32f0xx_hal_i2c.o(i.HAL_I2C_Slave_Sequential_Transmit_IT) refers to stm32f0xx_hal_i2c.o(i.I2C_Slave_ISR_IT) for I2C_Slave_ISR_IT
    stm32f0xx_hal_i2c.o(i.HAL_I2C_Slave_Transmit) refers to stm32f0xx_hal.o(i.HAL_GetTick) for HAL_GetTick
    stm32f0xx_hal_i2c.o(i.HAL_I2C_Slave_Transmit) refers to stm32f0xx_hal_i2c.o(i.I2C_WaitOnFlagUntilTimeout) for I2C_WaitOnFlagUntilTimeout
    stm32f0xx_hal_i2c.o(i.HAL_I2C_Slave_Transmit) refers to stm32f0xx_hal_i2c.o(i.I2C_WaitOnTXISFlagUntilTimeout) for I2C_WaitOnTXISFlagUntilTimeout
    stm32f0xx_hal_i2c.o(i.HAL_I2C_Slave_Transmit) refers to stm32f0xx_hal_i2c.o(i.I2C_WaitOnSTOPFlagUntilTimeout) for I2C_WaitOnSTOPFlagUntilTimeout
    stm32f0xx_hal_i2c.o(i.HAL_I2C_Slave_Transmit_DMA) refers to stm32f0xx_hal_dma.o(i.HAL_DMA_Start_IT) for HAL_DMA_Start_IT
    stm32f0xx_hal_i2c.o(i.HAL_I2C_Slave_Transmit_DMA) refers to stm32f0xx_hal_i2c.o(i.I2C_Enable_IRQ) for I2C_Enable_IRQ
    stm32f0xx_hal_i2c.o(i.HAL_I2C_Slave_Transmit_DMA) refers to stm32f0xx_hal_i2c.o(i.I2C_Slave_ISR_DMA) for I2C_Slave_ISR_DMA
    stm32f0xx_hal_i2c.o(i.HAL_I2C_Slave_Transmit_DMA) refers to stm32f0xx_hal_i2c.o(i.I2C_DMASlaveTransmitCplt) for I2C_DMASlaveTransmitCplt
    stm32f0xx_hal_i2c.o(i.HAL_I2C_Slave_Transmit_DMA) refers to stm32f0xx_hal_i2c.o(i.I2C_DMAError) for I2C_DMAError
    stm32f0xx_hal_i2c.o(i.HAL_I2C_Slave_Transmit_IT) refers to stm32f0xx_hal_i2c.o(i.I2C_Enable_IRQ) for I2C_Enable_IRQ
    stm32f0xx_hal_i2c.o(i.HAL_I2C_Slave_Transmit_IT) refers to stm32f0xx_hal_i2c.o(i.I2C_Slave_ISR_IT) for I2C_Slave_ISR_IT
    stm32f0xx_hal_i2c.o(i.I2C_DMAAbort) refers to stm32f0xx_hal_i2c.o(i.HAL_I2C_AbortCpltCallback) for HAL_I2C_AbortCpltCallback
    stm32f0xx_hal_i2c.o(i.I2C_DMAAbort) refers to stm32f0xx_hal_i2c.o(i.HAL_I2C_ErrorCallback) for HAL_I2C_ErrorCallback
    stm32f0xx_hal_i2c.o(i.I2C_DMAError) refers to stm32f0xx_hal_i2c.o(i.I2C_ITError) for I2C_ITError
    stm32f0xx_hal_i2c.o(i.I2C_DMAMasterReceiveCplt) refers to stm32f0xx_hal_i2c.o(i.I2C_Enable_IRQ) for I2C_Enable_IRQ
    stm32f0xx_hal_i2c.o(i.I2C_DMAMasterReceiveCplt) refers to stm32f0xx_hal_dma.o(i.HAL_DMA_Start_IT) for HAL_DMA_Start_IT
    stm32f0xx_hal_i2c.o(i.I2C_DMAMasterTransmitCplt) refers to stm32f0xx_hal_i2c.o(i.I2C_Enable_IRQ) for I2C_Enable_IRQ
    stm32f0xx_hal_i2c.o(i.I2C_DMAMasterTransmitCplt) refers to stm32f0xx_hal_dma.o(i.HAL_DMA_Start_IT) for HAL_DMA_Start_IT
    stm32f0xx_hal_i2c.o(i.I2C_Enable_IRQ) refers to stm32f0xx_hal_i2c.o(i.I2C_Master_ISR_DMA) for I2C_Master_ISR_DMA
    stm32f0xx_hal_i2c.o(i.I2C_Enable_IRQ) refers to stm32f0xx_hal_i2c.o(i.I2C_Slave_ISR_DMA) for I2C_Slave_ISR_DMA
    stm32f0xx_hal_i2c.o(i.I2C_ITAddrCplt) refers to stm32f0xx_hal_i2c.o(i.HAL_I2C_AddrCallback) for HAL_I2C_AddrCallback
    stm32f0xx_hal_i2c.o(i.I2C_ITAddrCplt) refers to stm32f0xx_hal_i2c.o(i.I2C_Disable_IRQ) for I2C_Disable_IRQ
    stm32f0xx_hal_i2c.o(i.I2C_ITError) refers to stm32f0xx_hal_i2c.o(i.I2C_Disable_IRQ) for I2C_Disable_IRQ
    stm32f0xx_hal_i2c.o(i.I2C_ITError) refers to stm32f0xx_hal_dma.o(i.HAL_DMA_Abort_IT) for HAL_DMA_Abort_IT
    stm32f0xx_hal_i2c.o(i.I2C_ITError) refers to stm32f0xx_hal_i2c.o(i.HAL_I2C_AbortCpltCallback) for HAL_I2C_AbortCpltCallback
    stm32f0xx_hal_i2c.o(i.I2C_ITError) refers to stm32f0xx_hal_i2c.o(i.HAL_I2C_ErrorCallback) for HAL_I2C_ErrorCallback
    stm32f0xx_hal_i2c.o(i.I2C_ITError) refers to stm32f0xx_hal_i2c.o(i.I2C_Slave_ISR_IT) for I2C_Slave_ISR_IT
    stm32f0xx_hal_i2c.o(i.I2C_ITError) refers to stm32f0xx_hal_i2c.o(i.I2C_DMAAbort) for I2C_DMAAbort
    stm32f0xx_hal_i2c.o(i.I2C_ITListenCplt) refers to stm32f0xx_hal_i2c.o(i.I2C_Disable_IRQ) for I2C_Disable_IRQ
    stm32f0xx_hal_i2c.o(i.I2C_ITListenCplt) refers to stm32f0xx_hal_i2c.o(i.HAL_I2C_ListenCpltCallback) for HAL_I2C_ListenCpltCallback
    stm32f0xx_hal_i2c.o(i.I2C_ITMasterCplt) refers to stm32f0xx_hal_i2c.o(i.I2C_Flush_TXDR) for I2C_Flush_TXDR
    stm32f0xx_hal_i2c.o(i.I2C_ITMasterCplt) refers to stm32f0xx_hal_i2c.o(i.I2C_Disable_IRQ) for I2C_Disable_IRQ
    stm32f0xx_hal_i2c.o(i.I2C_ITMasterCplt) refers to stm32f0xx_hal_i2c.o(i.I2C_ITError) for I2C_ITError
    stm32f0xx_hal_i2c.o(i.I2C_ITMasterCplt) refers to stm32f0xx_hal_i2c.o(i.HAL_I2C_MemTxCpltCallback) for HAL_I2C_MemTxCpltCallback
    stm32f0xx_hal_i2c.o(i.I2C_ITMasterCplt) refers to stm32f0xx_hal_i2c.o(i.HAL_I2C_MasterTxCpltCallback) for HAL_I2C_MasterTxCpltCallback
    stm32f0xx_hal_i2c.o(i.I2C_ITMasterCplt) refers to stm32f0xx_hal_i2c.o(i.HAL_I2C_MemRxCpltCallback) for HAL_I2C_MemRxCpltCallback
    stm32f0xx_hal_i2c.o(i.I2C_ITMasterCplt) refers to stm32f0xx_hal_i2c.o(i.HAL_I2C_MasterRxCpltCallback) for HAL_I2C_MasterRxCpltCallback
    stm32f0xx_hal_i2c.o(i.I2C_ITMasterSequentialCplt) refers to stm32f0xx_hal_i2c.o(i.I2C_Disable_IRQ) for I2C_Disable_IRQ
    stm32f0xx_hal_i2c.o(i.I2C_ITMasterSequentialCplt) refers to stm32f0xx_hal_i2c.o(i.HAL_I2C_MasterTxCpltCallback) for HAL_I2C_MasterTxCpltCallback
    stm32f0xx_hal_i2c.o(i.I2C_ITMasterSequentialCplt) refers to stm32f0xx_hal_i2c.o(i.HAL_I2C_MasterRxCpltCallback) for HAL_I2C_MasterRxCpltCallback
    stm32f0xx_hal_i2c.o(i.I2C_ITSlaveCplt) refers to stm32f0xx_hal_i2c.o(i.I2C_Disable_IRQ) for I2C_Disable_IRQ
    stm32f0xx_hal_i2c.o(i.I2C_ITSlaveCplt) refers to stm32f0xx_hal_i2c.o(i.I2C_Flush_TXDR) for I2C_Flush_TXDR
    stm32f0xx_hal_i2c.o(i.I2C_ITSlaveCplt) refers to stm32f0xx_hal_i2c.o(i.I2C_ITError) for I2C_ITError
    stm32f0xx_hal_i2c.o(i.I2C_ITSlaveCplt) refers to stm32f0xx_hal_i2c.o(i.I2C_ITListenCplt) for I2C_ITListenCplt
    stm32f0xx_hal_i2c.o(i.I2C_ITSlaveCplt) refers to stm32f0xx_hal_i2c.o(i.HAL_I2C_ListenCpltCallback) for HAL_I2C_ListenCpltCallback
    stm32f0xx_hal_i2c.o(i.I2C_ITSlaveCplt) refers to stm32f0xx_hal_i2c.o(i.HAL_I2C_SlaveRxCpltCallback) for HAL_I2C_SlaveRxCpltCallback
    stm32f0xx_hal_i2c.o(i.I2C_ITSlaveCplt) refers to stm32f0xx_hal_i2c.o(i.HAL_I2C_SlaveTxCpltCallback) for HAL_I2C_SlaveTxCpltCallback
    stm32f0xx_hal_i2c.o(i.I2C_ITSlaveSequentialCplt) refers to stm32f0xx_hal_i2c.o(i.I2C_Disable_IRQ) for I2C_Disable_IRQ
    stm32f0xx_hal_i2c.o(i.I2C_ITSlaveSequentialCplt) refers to stm32f0xx_hal_i2c.o(i.HAL_I2C_SlaveTxCpltCallback) for HAL_I2C_SlaveTxCpltCallback
    stm32f0xx_hal_i2c.o(i.I2C_ITSlaveSequentialCplt) refers to stm32f0xx_hal_i2c.o(i.HAL_I2C_SlaveRxCpltCallback) for HAL_I2C_SlaveRxCpltCallback
    stm32f0xx_hal_i2c.o(i.I2C_IsAcknowledgeFailed) refers to stm32f0xx_hal.o(i.HAL_GetTick) for HAL_GetTick
    stm32f0xx_hal_i2c.o(i.I2C_IsAcknowledgeFailed) refers to stm32f0xx_hal_i2c.o(i.I2C_Flush_TXDR) for I2C_Flush_TXDR
    stm32f0xx_hal_i2c.o(i.I2C_Master_ISR_DMA) refers to stm32f0xx_hal_i2c.o(i.I2C_Enable_IRQ) for I2C_Enable_IRQ
    stm32f0xx_hal_i2c.o(i.I2C_Master_ISR_DMA) refers to stm32f0xx_hal_i2c.o(i.I2C_Flush_TXDR) for I2C_Flush_TXDR
    stm32f0xx_hal_i2c.o(i.I2C_Master_ISR_DMA) refers to stm32f0xx_hal_i2c.o(i.I2C_TransferConfig) for I2C_TransferConfig
    stm32f0xx_hal_i2c.o(i.I2C_Master_ISR_DMA) refers to stm32f0xx_hal_i2c.o(i.I2C_ITError) for I2C_ITError
    stm32f0xx_hal_i2c.o(i.I2C_Master_ISR_DMA) refers to stm32f0xx_hal_i2c.o(i.I2C_ITMasterCplt) for I2C_ITMasterCplt
    stm32f0xx_hal_i2c.o(i.I2C_Master_ISR_IT) refers to stm32f0xx_hal_i2c.o(i.I2C_Flush_TXDR) for I2C_Flush_TXDR
    stm32f0xx_hal_i2c.o(i.I2C_Master_ISR_IT) refers to stm32f0xx_hal_i2c.o(i.I2C_TransferConfig) for I2C_TransferConfig
    stm32f0xx_hal_i2c.o(i.I2C_Master_ISR_IT) refers to stm32f0xx_hal_i2c.o(i.I2C_ITMasterSequentialCplt) for I2C_ITMasterSequentialCplt
    stm32f0xx_hal_i2c.o(i.I2C_Master_ISR_IT) refers to stm32f0xx_hal_i2c.o(i.I2C_ITError) for I2C_ITError
    stm32f0xx_hal_i2c.o(i.I2C_Master_ISR_IT) refers to stm32f0xx_hal_i2c.o(i.I2C_ITMasterCplt) for I2C_ITMasterCplt
    stm32f0xx_hal_i2c.o(i.I2C_RequestMemoryRead) refers to stm32f0xx_hal_i2c.o(i.I2C_TransferConfig) for I2C_TransferConfig
    stm32f0xx_hal_i2c.o(i.I2C_RequestMemoryRead) refers to stm32f0xx_hal_i2c.o(i.I2C_WaitOnTXISFlagUntilTimeout) for I2C_WaitOnTXISFlagUntilTimeout
    stm32f0xx_hal_i2c.o(i.I2C_RequestMemoryRead) refers to stm32f0xx_hal_i2c.o(i.I2C_WaitOnFlagUntilTimeout) for I2C_WaitOnFlagUntilTimeout
    stm32f0xx_hal_i2c.o(i.I2C_RequestMemoryWrite) refers to stm32f0xx_hal_i2c.o(i.I2C_TransferConfig) for I2C_TransferConfig
    stm32f0xx_hal_i2c.o(i.I2C_RequestMemoryWrite) refers to stm32f0xx_hal_i2c.o(i.I2C_WaitOnTXISFlagUntilTimeout) for I2C_WaitOnTXISFlagUntilTimeout
    stm32f0xx_hal_i2c.o(i.I2C_RequestMemoryWrite) refers to stm32f0xx_hal_i2c.o(i.I2C_WaitOnFlagUntilTimeout) for I2C_WaitOnFlagUntilTimeout
    stm32f0xx_hal_i2c.o(i.I2C_Slave_ISR_DMA) refers to stm32f0xx_hal_i2c.o(i.I2C_ITSlaveCplt) for I2C_ITSlaveCplt
    stm32f0xx_hal_i2c.o(i.I2C_Slave_ISR_IT) refers to stm32f0xx_hal_i2c.o(i.I2C_ITListenCplt) for I2C_ITListenCplt
    stm32f0xx_hal_i2c.o(i.I2C_Slave_ISR_IT) refers to stm32f0xx_hal_i2c.o(i.I2C_Flush_TXDR) for I2C_Flush_TXDR
    stm32f0xx_hal_i2c.o(i.I2C_Slave_ISR_IT) refers to stm32f0xx_hal_i2c.o(i.I2C_ITSlaveSequentialCplt) for I2C_ITSlaveSequentialCplt
    stm32f0xx_hal_i2c.o(i.I2C_Slave_ISR_IT) refers to stm32f0xx_hal_i2c.o(i.I2C_ITAddrCplt) for I2C_ITAddrCplt
    stm32f0xx_hal_i2c.o(i.I2C_Slave_ISR_IT) refers to stm32f0xx_hal_i2c.o(i.I2C_ITSlaveCplt) for I2C_ITSlaveCplt
    stm32f0xx_hal_i2c.o(i.I2C_WaitOnFlagUntilTimeout) refers to stm32f0xx_hal.o(i.HAL_GetTick) for HAL_GetTick
    stm32f0xx_hal_i2c.o(i.I2C_WaitOnRXNEFlagUntilTimeout) refers to stm32f0xx_hal_i2c.o(i.I2C_IsAcknowledgeFailed) for I2C_IsAcknowledgeFailed
    stm32f0xx_hal_i2c.o(i.I2C_WaitOnRXNEFlagUntilTimeout) refers to stm32f0xx_hal.o(i.HAL_GetTick) for HAL_GetTick
    stm32f0xx_hal_i2c.o(i.I2C_WaitOnSTOPFlagUntilTimeout) refers to stm32f0xx_hal_i2c.o(i.I2C_IsAcknowledgeFailed) for I2C_IsAcknowledgeFailed
    stm32f0xx_hal_i2c.o(i.I2C_WaitOnSTOPFlagUntilTimeout) refers to stm32f0xx_hal.o(i.HAL_GetTick) for HAL_GetTick
    stm32f0xx_hal_i2c.o(i.I2C_WaitOnTXISFlagUntilTimeout) refers to stm32f0xx_hal_i2c.o(i.I2C_IsAcknowledgeFailed) for I2C_IsAcknowledgeFailed
    stm32f0xx_hal_i2c.o(i.I2C_WaitOnTXISFlagUntilTimeout) refers to stm32f0xx_hal.o(i.HAL_GetTick) for HAL_GetTick
    stm32f0xx_hal_gpio.o(i.HAL_GPIO_EXTI_IRQHandler) refers to stm32f0xx_hal_gpio.o(i.HAL_GPIO_EXTI_Callback) for HAL_GPIO_EXTI_Callback
    stm32f0xx_hal_dma.o(i.DMA_CalcBaseAndBitshift) refers to uidiv.o(.text) for __aeabi_uidivmod
    stm32f0xx_hal_dma.o(i.HAL_DMA_DeInit) refers to stm32f0xx_hal_dma.o(i.DMA_CalcBaseAndBitshift) for DMA_CalcBaseAndBitshift
    stm32f0xx_hal_dma.o(i.HAL_DMA_Init) refers to stm32f0xx_hal_dma.o(i.DMA_CalcBaseAndBitshift) for DMA_CalcBaseAndBitshift
    stm32f0xx_hal_dma.o(i.HAL_DMA_PollForTransfer) refers to stm32f0xx_hal.o(i.HAL_GetTick) for HAL_GetTick
    stm32f0xx_hal_dma.o(i.HAL_DMA_Start) refers to stm32f0xx_hal_dma.o(i.DMA_SetConfig) for DMA_SetConfig
    stm32f0xx_hal_dma.o(i.HAL_DMA_Start_IT) refers to stm32f0xx_hal_dma.o(i.DMA_SetConfig) for DMA_SetConfig
    stm32f0xx_hal_dma.o(i.HAL_DMA_UnRegisterCallback) refers to stm32f0xx_hal_dma.o(i.__ARM_common_switch8) for __ARM_common_switch8
    stm32f0xx_hal_cortex.o(i.HAL_NVIC_SetPriority) refers to stm32f0xx_hal_cortex.o(i.NVIC_SetPriority) for NVIC_SetPriority
    stm32f0xx_hal_cortex.o(i.HAL_SYSTICK_Config) refers to stm32f0xx_hal_cortex.o(i.NVIC_SetPriority) for NVIC_SetPriority
    stm32f0xx_hal_cortex.o(i.HAL_SYSTICK_IRQHandler) refers to main.o(i.HAL_SYSTICK_Callback) for HAL_SYSTICK_Callback
    stm32f0xx_hal_flash.o(i.FLASH_Program_HalfWord) refers to stm32f0xx_hal_flash.o(.bss) for pFlash
    stm32f0xx_hal_flash.o(i.FLASH_SetErrorCode) refers to stm32f0xx_hal_flash.o(.bss) for pFlash
    stm32f0xx_hal_flash.o(i.FLASH_WaitForLastOperation) refers to stm32f0xx_hal.o(i.HAL_GetTick) for HAL_GetTick
    stm32f0xx_hal_flash.o(i.FLASH_WaitForLastOperation) refers to stm32f0xx_hal_flash.o(i.FLASH_SetErrorCode) for FLASH_SetErrorCode
    stm32f0xx_hal_flash.o(i.HAL_FLASH_GetError) refers to stm32f0xx_hal_flash.o(.bss) for pFlash
    stm32f0xx_hal_flash.o(i.HAL_FLASH_IRQHandler) refers to stm32f0xx_hal_flash.o(i.FLASH_SetErrorCode) for FLASH_SetErrorCode
    stm32f0xx_hal_flash.o(i.HAL_FLASH_IRQHandler) refers to stm32f0xx_hal_flash.o(i.HAL_FLASH_OperationErrorCallback) for HAL_FLASH_OperationErrorCallback
    stm32f0xx_hal_flash.o(i.HAL_FLASH_IRQHandler) refers to stm32f0xx_hal_flash.o(i.HAL_FLASH_EndOfOperationCallback) for HAL_FLASH_EndOfOperationCallback
    stm32f0xx_hal_flash.o(i.HAL_FLASH_IRQHandler) refers to stm32f0xx_hal_flash_ex.o(i.FLASH_PageErase) for FLASH_PageErase
    stm32f0xx_hal_flash.o(i.HAL_FLASH_IRQHandler) refers to stm32f0xx_hal_flash.o(i.FLASH_Program_HalfWord) for FLASH_Program_HalfWord
    stm32f0xx_hal_flash.o(i.HAL_FLASH_IRQHandler) refers to stm32f0xx_hal_flash.o(.bss) for pFlash
    stm32f0xx_hal_flash.o(i.HAL_FLASH_OB_Launch) refers to stm32f0xx_hal_flash.o(i.FLASH_WaitForLastOperation) for FLASH_WaitForLastOperation
    stm32f0xx_hal_flash.o(i.HAL_FLASH_Program) refers to stm32f0xx_hal_flash.o(i.FLASH_WaitForLastOperation) for FLASH_WaitForLastOperation
    stm32f0xx_hal_flash.o(i.HAL_FLASH_Program) refers to llushr.o(.text) for __aeabi_llsr
    stm32f0xx_hal_flash.o(i.HAL_FLASH_Program) refers to stm32f0xx_hal_flash.o(i.FLASH_Program_HalfWord) for FLASH_Program_HalfWord
    stm32f0xx_hal_flash.o(i.HAL_FLASH_Program) refers to stm32f0xx_hal_flash.o(.bss) for pFlash
    stm32f0xx_hal_flash.o(i.HAL_FLASH_Program_IT) refers to stm32f0xx_hal_flash.o(i.FLASH_Program_HalfWord) for FLASH_Program_HalfWord
    stm32f0xx_hal_flash.o(i.HAL_FLASH_Program_IT) refers to stm32f0xx_hal_flash.o(.bss) for pFlash
    stm32f0xx_hal_flash_ex.o(i.FLASH_MassErase) refers to stm32f0xx_hal_flash.o(.bss) for pFlash
    stm32f0xx_hal_flash_ex.o(i.FLASH_OB_DisableWRP) refers to stm32f0xx_hal_flash_ex.o(i.FLASH_OB_GetWRP) for FLASH_OB_GetWRP
    stm32f0xx_hal_flash_ex.o(i.FLASH_OB_DisableWRP) refers to stm32f0xx_hal_flash.o(i.FLASH_WaitForLastOperation) for FLASH_WaitForLastOperation
    stm32f0xx_hal_flash_ex.o(i.FLASH_OB_DisableWRP) refers to stm32f0xx_hal_flash_ex.o(i.HAL_FLASHEx_OBErase) for HAL_FLASHEx_OBErase
    stm32f0xx_hal_flash_ex.o(i.FLASH_OB_DisableWRP) refers to stm32f0xx_hal_flash.o(.bss) for pFlash
    stm32f0xx_hal_flash_ex.o(i.FLASH_OB_EnableWRP) refers to stm32f0xx_hal_flash_ex.o(i.FLASH_OB_GetWRP) for FLASH_OB_GetWRP
    stm32f0xx_hal_flash_ex.o(i.FLASH_OB_EnableWRP) refers to stm32f0xx_hal_flash.o(i.FLASH_WaitForLastOperation) for FLASH_WaitForLastOperation
    stm32f0xx_hal_flash_ex.o(i.FLASH_OB_EnableWRP) refers to stm32f0xx_hal_flash_ex.o(i.HAL_FLASHEx_OBErase) for HAL_FLASHEx_OBErase
    stm32f0xx_hal_flash_ex.o(i.FLASH_OB_EnableWRP) refers to stm32f0xx_hal_flash.o(.bss) for pFlash
    stm32f0xx_hal_flash_ex.o(i.FLASH_OB_ProgramData) refers to stm32f0xx_hal_flash.o(i.FLASH_WaitForLastOperation) for FLASH_WaitForLastOperation
    stm32f0xx_hal_flash_ex.o(i.FLASH_OB_ProgramData) refers to stm32f0xx_hal_flash.o(.bss) for pFlash
    stm32f0xx_hal_flash_ex.o(i.FLASH_OB_RDP_LevelConfig) refers to stm32f0xx_hal_flash.o(i.FLASH_WaitForLastOperation) for FLASH_WaitForLastOperation
    stm32f0xx_hal_flash_ex.o(i.FLASH_OB_RDP_LevelConfig) refers to stm32f0xx_hal_flash.o(.bss) for pFlash
    stm32f0xx_hal_flash_ex.o(i.FLASH_OB_UserConfig) refers to stm32f0xx_hal_flash.o(i.FLASH_WaitForLastOperation) for FLASH_WaitForLastOperation
    stm32f0xx_hal_flash_ex.o(i.FLASH_OB_UserConfig) refers to stm32f0xx_hal_flash.o(.bss) for pFlash
    stm32f0xx_hal_flash_ex.o(i.FLASH_PageErase) refers to stm32f0xx_hal_flash.o(.bss) for pFlash
    stm32f0xx_hal_flash_ex.o(i.HAL_FLASHEx_Erase) refers to stm32f0xx_hal_flash.o(i.FLASH_WaitForLastOperation) for FLASH_WaitForLastOperation
    stm32f0xx_hal_flash_ex.o(i.HAL_FLASHEx_Erase) refers to stm32f0xx_hal_flash_ex.o(i.FLASH_MassErase) for FLASH_MassErase
    stm32f0xx_hal_flash_ex.o(i.HAL_FLASHEx_Erase) refers to stm32f0xx_hal_flash_ex.o(i.FLASH_PageErase) for FLASH_PageErase
    stm32f0xx_hal_flash_ex.o(i.HAL_FLASHEx_Erase) refers to stm32f0xx_hal_flash.o(.bss) for pFlash
    stm32f0xx_hal_flash_ex.o(i.HAL_FLASHEx_Erase_IT) refers to stm32f0xx_hal_flash_ex.o(i.FLASH_MassErase) for FLASH_MassErase
    stm32f0xx_hal_flash_ex.o(i.HAL_FLASHEx_Erase_IT) refers to stm32f0xx_hal_flash_ex.o(i.FLASH_PageErase) for FLASH_PageErase
    stm32f0xx_hal_flash_ex.o(i.HAL_FLASHEx_Erase_IT) refers to stm32f0xx_hal_flash.o(.bss) for pFlash
    stm32f0xx_hal_flash_ex.o(i.HAL_FLASHEx_OBErase) refers to stm32f0xx_hal_flash_ex.o(i.FLASH_OB_GetRDP) for FLASH_OB_GetRDP
    stm32f0xx_hal_flash_ex.o(i.HAL_FLASHEx_OBErase) refers to stm32f0xx_hal_flash.o(i.FLASH_WaitForLastOperation) for FLASH_WaitForLastOperation
    stm32f0xx_hal_flash_ex.o(i.HAL_FLASHEx_OBErase) refers to stm32f0xx_hal_flash_ex.o(i.FLASH_OB_RDP_LevelConfig) for FLASH_OB_RDP_LevelConfig
    stm32f0xx_hal_flash_ex.o(i.HAL_FLASHEx_OBErase) refers to stm32f0xx_hal_flash.o(.bss) for pFlash
    stm32f0xx_hal_flash_ex.o(i.HAL_FLASHEx_OBGetConfig) refers to stm32f0xx_hal_flash_ex.o(i.FLASH_OB_GetWRP) for FLASH_OB_GetWRP
    stm32f0xx_hal_flash_ex.o(i.HAL_FLASHEx_OBGetConfig) refers to stm32f0xx_hal_flash_ex.o(i.FLASH_OB_GetRDP) for FLASH_OB_GetRDP
    stm32f0xx_hal_flash_ex.o(i.HAL_FLASHEx_OBGetConfig) refers to stm32f0xx_hal_flash_ex.o(i.FLASH_OB_GetUser) for FLASH_OB_GetUser
    stm32f0xx_hal_flash_ex.o(i.HAL_FLASHEx_OBProgram) refers to stm32f0xx_hal_flash_ex.o(i.FLASH_OB_EnableWRP) for FLASH_OB_EnableWRP
    stm32f0xx_hal_flash_ex.o(i.HAL_FLASHEx_OBProgram) refers to stm32f0xx_hal_flash_ex.o(i.FLASH_OB_DisableWRP) for FLASH_OB_DisableWRP
    stm32f0xx_hal_flash_ex.o(i.HAL_FLASHEx_OBProgram) refers to stm32f0xx_hal_flash_ex.o(i.FLASH_OB_RDP_LevelConfig) for FLASH_OB_RDP_LevelConfig
    stm32f0xx_hal_flash_ex.o(i.HAL_FLASHEx_OBProgram) refers to stm32f0xx_hal_flash_ex.o(i.FLASH_OB_UserConfig) for FLASH_OB_UserConfig
    stm32f0xx_hal_flash_ex.o(i.HAL_FLASHEx_OBProgram) refers to stm32f0xx_hal_flash_ex.o(i.FLASH_OB_ProgramData) for FLASH_OB_ProgramData
    stm32f0xx_hal_flash_ex.o(i.HAL_FLASHEx_OBProgram) refers to stm32f0xx_hal_flash.o(.bss) for pFlash
    system_stm32f0xx.o(i.SystemCoreClockUpdate) refers to uidiv.o(.text) for __aeabi_uidivmod
    system_stm32f0xx.o(i.SystemCoreClockUpdate) refers to system_stm32f0xx.o(.data) for SystemCoreClock
    system_stm32f0xx.o(i.SystemCoreClockUpdate) refers to system_stm32f0xx.o(.constdata) for AHBPrescTable
    entry.o(.ARM.Collect$$$$00000000) refers (Special) to entry10a.o(.ARM.Collect$$$$0000000D) for __rt_final_cpp
    entry.o(.ARM.Collect$$$$00000000) refers (Special) to entry11a.o(.ARM.Collect$$$$0000000F) for __rt_final_exit
    entry.o(.ARM.Collect$$$$00000000) refers (Special) to entry7b.o(.ARM.Collect$$$$00000008) for _main_clock
    entry.o(.ARM.Collect$$$$00000000) refers (Special) to entry8b.o(.ARM.Collect$$$$0000000A) for _main_cpp_init
    entry.o(.ARM.Collect$$$$00000000) refers (Special) to entry9a.o(.ARM.Collect$$$$0000000B) for _main_init
    entry.o(.ARM.Collect$$$$00000000) refers (Special) to entry5.o(.ARM.Collect$$$$00000004) for _main_scatterload
    entry.o(.ARM.Collect$$$$00000000) refers (Special) to entry2.o(.ARM.Collect$$$$00000001) for _main_stk
    entry2.o(.ARM.Collect$$$$00000001) refers to entry2.o(.ARM.Collect$$$$00002712) for __lit__00000000
    entry2.o(.ARM.Collect$$$$00002712) refers to startup_stm32f070x6.o(STACK) for __initial_sp
    entry2.o(__vectab_stack_and_reset_area) refers to startup_stm32f070x6.o(STACK) for __initial_sp
    entry2.o(__vectab_stack_and_reset_area) refers to entry.o(.ARM.Collect$$$$00000000) for __main
    entry5.o(.ARM.Collect$$$$00000004) refers to init.o(.text) for __scatterload
    entry9a.o(.ARM.Collect$$$$0000000B) refers to main.o(i.main) for main
    entry9b.o(.ARM.Collect$$$$0000000C) refers to main.o(i.main) for main
    init.o(.text) refers to entry5.o(.ARM.Collect$$$$00000004) for __main_after_scatterload


==============================================================================

Removing Unused input sections from the image.

    Removing startup_stm32f070x6.o(HEAP), (512 bytes).
    Removing main.o(.rev16_text), (4 bytes).
    Removing main.o(.revsh_text), (4 bytes).
    Removing main.o(i.FLASH_Erase), (64 bytes).
    Removing main.o(i.Go_To_User_App), (72 bytes).
    Removing main.o(i.Remap_Table), (112 bytes).
    Removing main.o(i.get_param), (28 bytes).
    Removing main.o(i.usart_int_enable), (40 bytes).
    Removing gpio.o(.rev16_text), (4 bytes).
    Removing gpio.o(.revsh_text), (4 bytes).
    Removing usart.o(.rev16_text), (4 bytes).
    Removing usart.o(.revsh_text), (4 bytes).
    Removing usart.o(i.HAL_UART_MspDeInit), (96 bytes).
    Removing stm32f0xx_it.o(.rev16_text), (4 bytes).
    Removing stm32f0xx_it.o(.revsh_text), (4 bytes).
    Removing stm32f0xx_hal_msp.o(.rev16_text), (4 bytes).
    Removing stm32f0xx_hal_msp.o(.revsh_text), (4 bytes).
    Removing param_crc.o(i.param_crc16), (48 bytes).
    Removing param_crc.o(i.param_crc32), (40 bytes).
    Removing param_crc.o(i.param_crc_calculate_crc16), (70 bytes).
    Removing param_crc.o(i.param_crc_calculate_crc32), (68 bytes).
    Removing param_crc.o(i.param_crc_update_crc32), (66 bytes).
    Removing param_crc.o(i.reverse32), (100 bytes).
    Removing stm32f0xx_hal_tim.o(.rev16_text), (4 bytes).
    Removing stm32f0xx_hal_tim.o(.revsh_text), (4 bytes).
    Removing stm32f0xx_hal_tim_ex.o(.rev16_text), (4 bytes).
    Removing stm32f0xx_hal_tim_ex.o(.revsh_text), (4 bytes).
    Removing stm32f0xx_hal_uart.o(.rev16_text), (4 bytes).
    Removing stm32f0xx_hal_uart.o(.revsh_text), (4 bytes).
    Removing stm32f0xx_hal_uart.o(i.HAL_HalfDuplex_EnableReceiver), (74 bytes).
    Removing stm32f0xx_hal_uart.o(i.HAL_HalfDuplex_EnableTransmitter), (74 bytes).
    Removing stm32f0xx_hal_uart.o(i.HAL_HalfDuplex_Init), (120 bytes).
    Removing stm32f0xx_hal_uart.o(i.HAL_MultiProcessor_DisableMuteMode), (60 bytes).
    Removing stm32f0xx_hal_uart.o(i.HAL_MultiProcessor_EnableMuteMode), (60 bytes).
    Removing stm32f0xx_hal_uart.o(i.HAL_MultiProcessor_EnterMuteMode), (14 bytes).
    Removing stm32f0xx_hal_uart.o(i.HAL_MultiProcessor_Init), (164 bytes).
    Removing stm32f0xx_hal_uart.o(i.HAL_UART_Abort), (142 bytes).
    Removing stm32f0xx_hal_uart.o(i.HAL_UART_AbortCpltCallback), (2 bytes).
    Removing stm32f0xx_hal_uart.o(i.HAL_UART_AbortReceive), (92 bytes).
    Removing stm32f0xx_hal_uart.o(i.HAL_UART_AbortReceiveCpltCallback), (2 bytes).
    Removing stm32f0xx_hal_uart.o(i.HAL_UART_AbortReceive_IT), (140 bytes).
    Removing stm32f0xx_hal_uart.o(i.HAL_UART_AbortTransmit), (72 bytes).
    Removing stm32f0xx_hal_uart.o(i.HAL_UART_AbortTransmitCpltCallback), (2 bytes).
    Removing stm32f0xx_hal_uart.o(i.HAL_UART_AbortTransmit_IT), (116 bytes).
    Removing stm32f0xx_hal_uart.o(i.HAL_UART_Abort_IT), (244 bytes).
    Removing stm32f0xx_hal_uart.o(i.HAL_UART_DMAPause), (124 bytes).
    Removing stm32f0xx_hal_uart.o(i.HAL_UART_DMAResume), (110 bytes).
    Removing stm32f0xx_hal_uart.o(i.HAL_UART_DMAStop), (104 bytes).
    Removing stm32f0xx_hal_uart.o(i.HAL_UART_DeInit), (76 bytes).
    Removing stm32f0xx_hal_uart.o(i.HAL_UART_GetError), (6 bytes).
    Removing stm32f0xx_hal_uart.o(i.HAL_UART_GetState), (20 bytes).
    Removing stm32f0xx_hal_uart.o(i.HAL_UART_MspDeInit), (2 bytes).
    Removing stm32f0xx_hal_uart.o(i.HAL_UART_MspInit), (2 bytes).
    Removing stm32f0xx_hal_uart.o(i.HAL_UART_Receive), (332 bytes).
    Removing stm32f0xx_hal_uart.o(i.HAL_UART_Receive_DMA), (204 bytes).
    Removing stm32f0xx_hal_uart.o(i.HAL_UART_Receive_IT), (236 bytes).
    Removing stm32f0xx_hal_uart.o(i.HAL_UART_RxCpltCallback), (2 bytes).
    Removing stm32f0xx_hal_uart.o(i.HAL_UART_RxHalfCpltCallback), (2 bytes).
    Removing stm32f0xx_hal_uart.o(i.HAL_UART_Transmit_DMA), (188 bytes).
    Removing stm32f0xx_hal_uart.o(i.HAL_UART_Transmit_IT), (124 bytes).
    Removing stm32f0xx_hal_uart.o(i.HAL_UART_TxCpltCallback), (2 bytes).
    Removing stm32f0xx_hal_uart.o(i.HAL_UART_TxHalfCpltCallback), (2 bytes).
    Removing stm32f0xx_hal_uart.o(i.UART_DMAError), (86 bytes).
    Removing stm32f0xx_hal_uart.o(i.UART_DMAReceiveCplt), (76 bytes).
    Removing stm32f0xx_hal_uart.o(i.UART_DMARxAbortCallback), (68 bytes).
    Removing stm32f0xx_hal_uart.o(i.UART_DMARxHalfCplt), (14 bytes).
    Removing stm32f0xx_hal_uart.o(i.UART_DMARxOnlyAbortCallback), (32 bytes).
    Removing stm32f0xx_hal_uart.o(i.UART_DMATransmitCplt), (58 bytes).
    Removing stm32f0xx_hal_uart.o(i.UART_DMATxAbortCallback), (68 bytes).
    Removing stm32f0xx_hal_uart.o(i.UART_DMATxHalfCplt), (14 bytes).
    Removing stm32f0xx_hal_uart.o(i.UART_DMATxOnlyAbortCallback), (26 bytes).
    Removing stm32f0xx_hal_uart.o(i.UART_EndTxTransfer), (20 bytes).
    Removing stm32f0xx_hal_uart_ex.o(.rev16_text), (4 bytes).
    Removing stm32f0xx_hal_uart_ex.o(.revsh_text), (4 bytes).
    Removing stm32f0xx_hal_uart_ex.o(i.HAL_MultiProcessorEx_AddressLength_Set), (66 bytes).
    Removing stm32f0xx_hal_uart_ex.o(i.HAL_RS485Ex_Init), (160 bytes).
    Removing stm32f0xx_hal_rcc.o(.rev16_text), (4 bytes).
    Removing stm32f0xx_hal_rcc.o(.revsh_text), (4 bytes).
    Removing stm32f0xx_hal_rcc.o(i.HAL_RCC_CSSCallback), (2 bytes).
    Removing stm32f0xx_hal_rcc.o(i.HAL_RCC_DeInit), (88 bytes).
    Removing stm32f0xx_hal_rcc.o(i.HAL_RCC_DisableCSS), (20 bytes).
    Removing stm32f0xx_hal_rcc.o(i.HAL_RCC_EnableCSS), (20 bytes).
    Removing stm32f0xx_hal_rcc.o(i.HAL_RCC_GetClockConfig), (56 bytes).
    Removing stm32f0xx_hal_rcc.o(i.HAL_RCC_GetOscConfig), (244 bytes).
    Removing stm32f0xx_hal_rcc.o(i.HAL_RCC_MCOConfig), (104 bytes).
    Removing stm32f0xx_hal_rcc.o(i.HAL_RCC_NMI_IRQHandler), (32 bytes).
    Removing stm32f0xx_hal_rcc_ex.o(.rev16_text), (4 bytes).
    Removing stm32f0xx_hal_rcc_ex.o(.revsh_text), (4 bytes).
    Removing stm32f0xx_hal_rcc_ex.o(i.HAL_RCCEx_GetPeriphCLKConfig), (64 bytes).
    Removing stm32f0xx_hal_rcc_ex.o(i.HAL_RCCEx_GetPeriphCLKFreq), (372 bytes).
    Removing stm32f0xx_hal_rcc_ex.o(i.HAL_RCCEx_PeriphCLKConfig), (364 bytes).
    Removing stm32f0xx_hal.o(.rev16_text), (4 bytes).
    Removing stm32f0xx_hal.o(.revsh_text), (4 bytes).
    Removing stm32f0xx_hal.o(i.HAL_DBGMCU_DisableDBGStandbyMode), (20 bytes).
    Removing stm32f0xx_hal.o(i.HAL_DBGMCU_DisableDBGStopMode), (20 bytes).
    Removing stm32f0xx_hal.o(i.HAL_DBGMCU_EnableDBGStandbyMode), (20 bytes).
    Removing stm32f0xx_hal.o(i.HAL_DBGMCU_EnableDBGStopMode), (20 bytes).
    Removing stm32f0xx_hal.o(i.HAL_DeInit), (44 bytes).
    Removing stm32f0xx_hal.o(i.HAL_GetDEVID), (16 bytes).
    Removing stm32f0xx_hal.o(i.HAL_GetHalVersion), (8 bytes).
    Removing stm32f0xx_hal.o(i.HAL_GetREVID), (12 bytes).
    Removing stm32f0xx_hal.o(i.HAL_GetUIDw0), (12 bytes).
    Removing stm32f0xx_hal.o(i.HAL_GetUIDw1), (12 bytes).
    Removing stm32f0xx_hal.o(i.HAL_GetUIDw2), (12 bytes).
    Removing stm32f0xx_hal.o(i.HAL_MspDeInit), (2 bytes).
    Removing stm32f0xx_hal.o(i.HAL_MspInit), (2 bytes).
    Removing stm32f0xx_hal.o(i.HAL_ResumeTick), (20 bytes).
    Removing stm32f0xx_hal.o(i.HAL_SuspendTick), (20 bytes).
    Removing stm32f0xx_hal_i2c.o(.rev16_text), (4 bytes).
    Removing stm32f0xx_hal_i2c.o(.revsh_text), (4 bytes).
    Removing stm32f0xx_hal_i2c.o(i.HAL_I2C_AbortCpltCallback), (2 bytes).
    Removing stm32f0xx_hal_i2c.o(i.HAL_I2C_AddrCallback), (2 bytes).
    Removing stm32f0xx_hal_i2c.o(i.HAL_I2C_DeInit), (66 bytes).
    Removing stm32f0xx_hal_i2c.o(i.HAL_I2C_DisableListen_IT), (60 bytes).
    Removing stm32f0xx_hal_i2c.o(i.HAL_I2C_ER_IRQHandler), (128 bytes).
    Removing stm32f0xx_hal_i2c.o(i.HAL_I2C_EV_IRQHandler), (30 bytes).
    Removing stm32f0xx_hal_i2c.o(i.HAL_I2C_EnableListen_IT), (44 bytes).
    Removing stm32f0xx_hal_i2c.o(i.HAL_I2C_ErrorCallback), (2 bytes).
    Removing stm32f0xx_hal_i2c.o(i.HAL_I2C_GetError), (6 bytes).
    Removing stm32f0xx_hal_i2c.o(i.HAL_I2C_GetMode), (8 bytes).
    Removing stm32f0xx_hal_i2c.o(i.HAL_I2C_GetState), (8 bytes).
    Removing stm32f0xx_hal_i2c.o(i.HAL_I2C_Init), (212 bytes).
    Removing stm32f0xx_hal_i2c.o(i.HAL_I2C_IsDeviceReady), (398 bytes).
    Removing stm32f0xx_hal_i2c.o(i.HAL_I2C_ListenCpltCallback), (2 bytes).
    Removing stm32f0xx_hal_i2c.o(i.HAL_I2C_MasterRxCpltCallback), (2 bytes).
    Removing stm32f0xx_hal_i2c.o(i.HAL_I2C_MasterTxCpltCallback), (2 bytes).
    Removing stm32f0xx_hal_i2c.o(i.HAL_I2C_Master_Abort_IT), (102 bytes).
    Removing stm32f0xx_hal_i2c.o(i.HAL_I2C_Master_Receive), (384 bytes).
    Removing stm32f0xx_hal_i2c.o(i.HAL_I2C_Master_Receive_DMA), (300 bytes).
    Removing stm32f0xx_hal_i2c.o(i.HAL_I2C_Master_Receive_IT), (172 bytes).
    Removing stm32f0xx_hal_i2c.o(i.HAL_I2C_Master_Sequential_Receive_IT), (160 bytes).
    Removing stm32f0xx_hal_i2c.o(i.HAL_I2C_Master_Sequential_Transmit_IT), (160 bytes).
    Removing stm32f0xx_hal_i2c.o(i.HAL_I2C_Master_Transmit), (380 bytes).
    Removing stm32f0xx_hal_i2c.o(i.HAL_I2C_Master_Transmit_DMA), (300 bytes).
    Removing stm32f0xx_hal_i2c.o(i.HAL_I2C_Master_Transmit_IT), (172 bytes).
    Removing stm32f0xx_hal_i2c.o(i.HAL_I2C_MemRxCpltCallback), (2 bytes).
    Removing stm32f0xx_hal_i2c.o(i.HAL_I2C_MemTxCpltCallback), (2 bytes).
    Removing stm32f0xx_hal_i2c.o(i.HAL_I2C_Mem_Read), (452 bytes).
    Removing stm32f0xx_hal_i2c.o(i.HAL_I2C_Mem_Read_DMA), (320 bytes).
    Removing stm32f0xx_hal_i2c.o(i.HAL_I2C_Mem_Read_IT), (256 bytes).
    Removing stm32f0xx_hal_i2c.o(i.HAL_I2C_Mem_Write), (452 bytes).
    Removing stm32f0xx_hal_i2c.o(i.HAL_I2C_Mem_Write_DMA), (320 bytes).
    Removing stm32f0xx_hal_i2c.o(i.HAL_I2C_Mem_Write_IT), (252 bytes).
    Removing stm32f0xx_hal_i2c.o(i.HAL_I2C_MspDeInit), (2 bytes).
    Removing stm32f0xx_hal_i2c.o(i.HAL_I2C_MspInit), (2 bytes).
    Removing stm32f0xx_hal_i2c.o(i.HAL_I2C_SlaveRxCpltCallback), (2 bytes).
    Removing stm32f0xx_hal_i2c.o(i.HAL_I2C_SlaveTxCpltCallback), (2 bytes).
    Removing stm32f0xx_hal_i2c.o(i.HAL_I2C_Slave_Receive), (406 bytes).
    Removing stm32f0xx_hal_i2c.o(i.HAL_I2C_Slave_Receive_DMA), (192 bytes).
    Removing stm32f0xx_hal_i2c.o(i.HAL_I2C_Slave_Receive_IT), (116 bytes).
    Removing stm32f0xx_hal_i2c.o(i.HAL_I2C_Slave_Sequential_Receive_IT), (172 bytes).
    Removing stm32f0xx_hal_i2c.o(i.HAL_I2C_Slave_Sequential_Transmit_IT), (176 bytes).
    Removing stm32f0xx_hal_i2c.o(i.HAL_I2C_Slave_Transmit), (422 bytes).
    Removing stm32f0xx_hal_i2c.o(i.HAL_I2C_Slave_Transmit_DMA), (192 bytes).
    Removing stm32f0xx_hal_i2c.o(i.HAL_I2C_Slave_Transmit_IT), (116 bytes).
    Removing stm32f0xx_hal_i2c.o(i.I2C_DMAAbort), (60 bytes).
    Removing stm32f0xx_hal_i2c.o(i.I2C_DMAError), (30 bytes).
    Removing stm32f0xx_hal_i2c.o(i.I2C_DMAMasterReceiveCplt), (86 bytes).
    Removing stm32f0xx_hal_i2c.o(i.I2C_DMAMasterTransmitCplt), (86 bytes).
    Removing stm32f0xx_hal_i2c.o(i.I2C_DMASlaveReceiveCplt), (2 bytes).
    Removing stm32f0xx_hal_i2c.o(i.I2C_DMASlaveTransmitCplt), (2 bytes).
    Removing stm32f0xx_hal_i2c.o(i.I2C_Disable_IRQ), (126 bytes).
    Removing stm32f0xx_hal_i2c.o(i.I2C_Enable_IRQ), (144 bytes).
    Removing stm32f0xx_hal_i2c.o(i.I2C_Flush_TXDR), (50 bytes).
    Removing stm32f0xx_hal_i2c.o(i.I2C_ITAddrCplt), (214 bytes).
    Removing stm32f0xx_hal_i2c.o(i.I2C_ITError), (280 bytes).
    Removing stm32f0xx_hal_i2c.o(i.I2C_ITListenCplt), (116 bytes).
    Removing stm32f0xx_hal_i2c.o(i.I2C_ITMasterCplt), (236 bytes).
    Removing stm32f0xx_hal_i2c.o(i.I2C_ITMasterSequentialCplt), (98 bytes).
    Removing stm32f0xx_hal_i2c.o(i.I2C_ITSlaveCplt), (316 bytes).
    Removing stm32f0xx_hal_i2c.o(i.I2C_ITSlaveSequentialCplt), (98 bytes).
    Removing stm32f0xx_hal_i2c.o(i.I2C_IsAcknowledgeFailed), (148 bytes).
    Removing stm32f0xx_hal_i2c.o(i.I2C_Master_ISR_DMA), (266 bytes).
    Removing stm32f0xx_hal_i2c.o(i.I2C_Master_ISR_IT), (428 bytes).
    Removing stm32f0xx_hal_i2c.o(i.I2C_RequestMemoryRead), (146 bytes).
    Removing stm32f0xx_hal_i2c.o(i.I2C_RequestMemoryWrite), (146 bytes).
    Removing stm32f0xx_hal_i2c.o(i.I2C_Slave_ISR_DMA), (158 bytes).
    Removing stm32f0xx_hal_i2c.o(i.I2C_Slave_ISR_IT), (352 bytes).
    Removing stm32f0xx_hal_i2c.o(i.I2C_TransferConfig), (48 bytes).
    Removing stm32f0xx_hal_i2c.o(i.I2C_WaitOnFlagUntilTimeout), (82 bytes).
    Removing stm32f0xx_hal_i2c.o(i.I2C_WaitOnRXNEFlagUntilTimeout), (152 bytes).
    Removing stm32f0xx_hal_i2c.o(i.I2C_WaitOnSTOPFlagUntilTimeout), (90 bytes).
    Removing stm32f0xx_hal_i2c.o(i.I2C_WaitOnTXISFlagUntilTimeout), (96 bytes).
    Removing stm32f0xx_hal_i2c_ex.o(.rev16_text), (4 bytes).
    Removing stm32f0xx_hal_i2c_ex.o(.revsh_text), (4 bytes).
    Removing stm32f0xx_hal_i2c_ex.o(i.HAL_I2CEx_ConfigAnalogFilter), (110 bytes).
    Removing stm32f0xx_hal_i2c_ex.o(i.HAL_I2CEx_ConfigDigitalFilter), (114 bytes).
    Removing stm32f0xx_hal_i2c_ex.o(i.HAL_I2CEx_DisableFastModePlus), (52 bytes).
    Removing stm32f0xx_hal_i2c_ex.o(i.HAL_I2CEx_EnableFastModePlus), (52 bytes).
    Removing stm32f0xx_hal_gpio.o(.rev16_text), (4 bytes).
    Removing stm32f0xx_hal_gpio.o(.revsh_text), (4 bytes).
    Removing stm32f0xx_hal_gpio.o(i.HAL_GPIO_DeInit), (268 bytes).
    Removing stm32f0xx_hal_gpio.o(i.HAL_GPIO_EXTI_Callback), (2 bytes).
    Removing stm32f0xx_hal_gpio.o(i.HAL_GPIO_EXTI_IRQHandler), (32 bytes).
    Removing stm32f0xx_hal_gpio.o(i.HAL_GPIO_LockPin), (50 bytes).
    Removing stm32f0xx_hal_gpio.o(i.HAL_GPIO_ReadPin), (18 bytes).
    Removing stm32f0xx_hal_gpio.o(i.HAL_GPIO_TogglePin), (8 bytes).
    Removing stm32f0xx_hal_dma.o(.rev16_text), (4 bytes).
    Removing stm32f0xx_hal_dma.o(.revsh_text), (4 bytes).
    Removing stm32f0xx_hal_dma.o(i.DMA_CalcBaseAndBitshift), (32 bytes).
    Removing stm32f0xx_hal_dma.o(i.DMA_SetConfig), (42 bytes).
    Removing stm32f0xx_hal_dma.o(i.HAL_DMA_Abort), (56 bytes).
    Removing stm32f0xx_hal_dma.o(i.HAL_DMA_DeInit), (80 bytes).
    Removing stm32f0xx_hal_dma.o(i.HAL_DMA_GetError), (6 bytes).
    Removing stm32f0xx_hal_dma.o(i.HAL_DMA_GetState), (8 bytes).
    Removing stm32f0xx_hal_dma.o(i.HAL_DMA_IRQHandler), (240 bytes).
    Removing stm32f0xx_hal_dma.o(i.HAL_DMA_Init), (100 bytes).
    Removing stm32f0xx_hal_dma.o(i.HAL_DMA_PollForTransfer), (236 bytes).
    Removing stm32f0xx_hal_dma.o(i.HAL_DMA_RegisterCallback), (92 bytes).
    Removing stm32f0xx_hal_dma.o(i.HAL_DMA_Start), (110 bytes).
    Removing stm32f0xx_hal_dma.o(i.HAL_DMA_Start_IT), (154 bytes).
    Removing stm32f0xx_hal_dma.o(i.HAL_DMA_UnRegisterCallback), (108 bytes).
    Removing stm32f0xx_hal_cortex.o(.rev16_text), (4 bytes).
    Removing stm32f0xx_hal_cortex.o(.revsh_text), (4 bytes).
    Removing stm32f0xx_hal_cortex.o(i.HAL_NVIC_ClearPendingIRQ), (24 bytes).
    Removing stm32f0xx_hal_cortex.o(i.HAL_NVIC_DisableIRQ), (24 bytes).
    Removing stm32f0xx_hal_cortex.o(i.HAL_NVIC_GetPendingIRQ), (40 bytes).
    Removing stm32f0xx_hal_cortex.o(i.HAL_NVIC_GetPriority), (72 bytes).
    Removing stm32f0xx_hal_cortex.o(i.HAL_NVIC_SetPendingIRQ), (24 bytes).
    Removing stm32f0xx_hal_cortex.o(i.HAL_NVIC_SystemReset), (56 bytes).
    Removing stm32f0xx_hal_cortex.o(i.HAL_SYSTICK_Callback), (2 bytes).
    Removing stm32f0xx_hal_pwr.o(.rev16_text), (4 bytes).
    Removing stm32f0xx_hal_pwr.o(.revsh_text), (4 bytes).
    Removing stm32f0xx_hal_pwr.o(i.HAL_PWR_DeInit), (32 bytes).
    Removing stm32f0xx_hal_pwr.o(i.HAL_PWR_DisableBkUpAccess), (20 bytes).
    Removing stm32f0xx_hal_pwr.o(i.HAL_PWR_DisableSEVOnPend), (20 bytes).
    Removing stm32f0xx_hal_pwr.o(i.HAL_PWR_DisableSleepOnExit), (20 bytes).
    Removing stm32f0xx_hal_pwr.o(i.HAL_PWR_DisableWakeUpPin), (16 bytes).
    Removing stm32f0xx_hal_pwr.o(i.HAL_PWR_EnableBkUpAccess), (20 bytes).
    Removing stm32f0xx_hal_pwr.o(i.HAL_PWR_EnableSEVOnPend), (20 bytes).
    Removing stm32f0xx_hal_pwr.o(i.HAL_PWR_EnableSleepOnExit), (20 bytes).
    Removing stm32f0xx_hal_pwr.o(i.HAL_PWR_EnableWakeUpPin), (16 bytes).
    Removing stm32f0xx_hal_pwr.o(i.HAL_PWR_EnterSLEEPMode), (32 bytes).
    Removing stm32f0xx_hal_pwr.o(i.HAL_PWR_EnterSTANDBYMode), (40 bytes).
    Removing stm32f0xx_hal_pwr.o(i.HAL_PWR_EnterSTOPMode), (72 bytes).
    Removing stm32f0xx_hal_pwr_ex.o(.rev16_text), (4 bytes).
    Removing stm32f0xx_hal_pwr_ex.o(.revsh_text), (4 bytes).
    Removing stm32f0xx_hal_flash.o(.rev16_text), (4 bytes).
    Removing stm32f0xx_hal_flash.o(.revsh_text), (4 bytes).
    Removing stm32f0xx_hal_flash.o(i.HAL_FLASH_EndOfOperationCallback), (2 bytes).
    Removing stm32f0xx_hal_flash.o(i.HAL_FLASH_GetError), (12 bytes).
    Removing stm32f0xx_hal_flash.o(i.HAL_FLASH_IRQHandler), (396 bytes).
    Removing stm32f0xx_hal_flash.o(i.HAL_FLASH_OB_Launch), (32 bytes).
    Removing stm32f0xx_hal_flash.o(i.HAL_FLASH_OB_Lock), (24 bytes).
    Removing stm32f0xx_hal_flash.o(i.HAL_FLASH_OB_Unlock), (48 bytes).
    Removing stm32f0xx_hal_flash.o(i.HAL_FLASH_OperationErrorCallback), (2 bytes).
    Removing stm32f0xx_hal_flash.o(i.HAL_FLASH_Program_IT), (120 bytes).
    Removing stm32f0xx_hal_flash_ex.o(.rev16_text), (4 bytes).
    Removing stm32f0xx_hal_flash_ex.o(.revsh_text), (4 bytes).
    Removing stm32f0xx_hal_flash_ex.o(i.FLASH_MassErase), (40 bytes).
    Removing stm32f0xx_hal_flash_ex.o(i.FLASH_OB_DisableWRP), (112 bytes).
    Removing stm32f0xx_hal_flash_ex.o(i.FLASH_OB_EnableWRP), (116 bytes).
    Removing stm32f0xx_hal_flash_ex.o(i.FLASH_OB_GetRDP), (36 bytes).
    Removing stm32f0xx_hal_flash_ex.o(i.FLASH_OB_GetUser), (20 bytes).
    Removing stm32f0xx_hal_flash_ex.o(i.FLASH_OB_GetWRP), (12 bytes).
    Removing stm32f0xx_hal_flash_ex.o(i.FLASH_OB_ProgramData), (76 bytes).
    Removing stm32f0xx_hal_flash_ex.o(i.FLASH_OB_RDP_LevelConfig), (128 bytes).
    Removing stm32f0xx_hal_flash_ex.o(i.FLASH_OB_UserConfig), (84 bytes).
    Removing stm32f0xx_hal_flash_ex.o(i.HAL_FLASHEx_Erase), (172 bytes).
    Removing stm32f0xx_hal_flash_ex.o(i.HAL_FLASHEx_Erase_IT), (104 bytes).
    Removing stm32f0xx_hal_flash_ex.o(i.HAL_FLASHEx_OBErase), (100 bytes).
    Removing stm32f0xx_hal_flash_ex.o(i.HAL_FLASHEx_OBGetConfig), (28 bytes).
    Removing stm32f0xx_hal_flash_ex.o(i.HAL_FLASHEx_OBGetUserData), (40 bytes).
    Removing stm32f0xx_hal_flash_ex.o(i.HAL_FLASHEx_OBProgram), (208 bytes).
    Removing system_stm32f0xx.o(.rev16_text), (4 bytes).
    Removing system_stm32f0xx.o(.revsh_text), (4 bytes).
    Removing system_stm32f0xx.o(i.SystemCoreClockUpdate), (180 bytes).
    Removing stm32f0xx_hal_dma.o(i.__ARM_common_switch8), (28 bytes).

268 unused section(s) (total 22374 bytes) removed from the image.

==============================================================================

Image Symbol Table

    Local Symbols

    Symbol Name                              Value     Ov Type        Size  Object(Section)

    ..//Src/system_stm32f0xx.c               0x00000000   Number         0  system_stm32f0xx.o ABSOLUTE
    ../Drivers/STM32F0xx_HAL_Driver/Src/stm32f0xx_hal.c 0x00000000   Number         0  stm32f0xx_hal.o ABSOLUTE
    ../Drivers/STM32F0xx_HAL_Driver/Src/stm32f0xx_hal_cortex.c 0x00000000   Number         0  stm32f0xx_hal_cortex.o ABSOLUTE
    ../Drivers/STM32F0xx_HAL_Driver/Src/stm32f0xx_hal_dma.c 0x00000000   Number         0  stm32f0xx_hal_dma.o ABSOLUTE
    ../Drivers/STM32F0xx_HAL_Driver/Src/stm32f0xx_hal_gpio.c 0x00000000   Number         0  stm32f0xx_hal_gpio.o ABSOLUTE
    ../Drivers/STM32F0xx_HAL_Driver/Src/stm32f0xx_hal_i2c.c 0x00000000   Number         0  stm32f0xx_hal_i2c.o ABSOLUTE
    ../Drivers/STM32F0xx_HAL_Driver/Src/stm32f0xx_hal_i2c_ex.c 0x00000000   Number         0  stm32f0xx_hal_i2c_ex.o ABSOLUTE
    ../Drivers/STM32F0xx_HAL_Driver/Src/stm32f0xx_hal_pwr.c 0x00000000   Number         0  stm32f0xx_hal_pwr.o ABSOLUTE
    ../Drivers/STM32F0xx_HAL_Driver/Src/stm32f0xx_hal_pwr_ex.c 0x00000000   Number         0  stm32f0xx_hal_pwr_ex.o ABSOLUTE
    ../Drivers/STM32F0xx_HAL_Driver/Src/stm32f0xx_hal_rcc.c 0x00000000   Number         0  stm32f0xx_hal_rcc.o ABSOLUTE
    ../Drivers/STM32F0xx_HAL_Driver/Src/stm32f0xx_hal_rcc_ex.c 0x00000000   Number         0  stm32f0xx_hal_rcc_ex.o ABSOLUTE
    ../Drivers/STM32F0xx_HAL_Driver/Src/stm32f0xx_hal_tim.c 0x00000000   Number         0  stm32f0xx_hal_tim.o ABSOLUTE
    ../Drivers/STM32F0xx_HAL_Driver/Src/stm32f0xx_hal_tim_ex.c 0x00000000   Number         0  stm32f0xx_hal_tim_ex.o ABSOLUTE
    ../Drivers/STM32F0xx_HAL_Driver/Src/stm32f0xx_hal_uart.c 0x00000000   Number         0  stm32f0xx_hal_uart.o ABSOLUTE
    ../Drivers/STM32F0xx_HAL_Driver/Src/stm32f0xx_hal_uart_ex.c 0x00000000   Number         0  stm32f0xx_hal_uart_ex.o ABSOLUTE
    ../Src/gpio.c                            0x00000000   Number         0  gpio.o ABSOLUTE
    ../Src/main.c                            0x00000000   Number         0  main.o ABSOLUTE
    ../Src/stm32f0xx_hal_msp.c               0x00000000   Number         0  stm32f0xx_hal_msp.o ABSOLUTE
    ../Src/stm32f0xx_it.c                    0x00000000   Number         0  stm32f0xx_it.o ABSOLUTE
    ../Src/usart.c                           0x00000000   Number         0  usart.o ABSOLUTE
    ../clib/microlib/division.c              0x00000000   Number         0  uidiv.o ABSOLUTE
    ../clib/microlib/init/entry.s            0x00000000   Number         0  entry7a.o ABSOLUTE
    ../clib/microlib/init/entry.s            0x00000000   Number         0  entry9a.o ABSOLUTE
    ../clib/microlib/init/entry.s            0x00000000   Number         0  entry9b.o ABSOLUTE
    ../clib/microlib/init/entry.s            0x00000000   Number         0  entry2.o ABSOLUTE
    ../clib/microlib/init/entry.s            0x00000000   Number         0  entry10a.o ABSOLUTE
    ../clib/microlib/init/entry.s            0x00000000   Number         0  entry5.o ABSOLUTE
    ../clib/microlib/init/entry.s            0x00000000   Number         0  entry10b.o ABSOLUTE
    ../clib/microlib/init/entry.s            0x00000000   Number         0  entry11a.o ABSOLUTE
    ../clib/microlib/init/entry.s            0x00000000   Number         0  entry.o ABSOLUTE
    ../clib/microlib/init/entry.s            0x00000000   Number         0  entry11b.o ABSOLUTE
    ../clib/microlib/init/entry.s            0x00000000   Number         0  entry8a.o ABSOLUTE
    ../clib/microlib/init/entry.s            0x00000000   Number         0  entry7b.o ABSOLUTE
    ../clib/microlib/init/entry.s            0x00000000   Number         0  entry8b.o ABSOLUTE
    ../clib/microlib/longlong.c              0x00000000   Number         0  llushr.o ABSOLUTE
    ..\Drivers\STM32F0xx_HAL_Driver\Src\stm32f0xx_hal.c 0x00000000   Number         0  stm32f0xx_hal.o ABSOLUTE
    ..\Drivers\STM32F0xx_HAL_Driver\Src\stm32f0xx_hal_cortex.c 0x00000000   Number         0  stm32f0xx_hal_cortex.o ABSOLUTE
    ..\Drivers\STM32F0xx_HAL_Driver\Src\stm32f0xx_hal_dma.c 0x00000000   Number         0  stm32f0xx_hal_dma.o ABSOLUTE
    ..\Drivers\STM32F0xx_HAL_Driver\Src\stm32f0xx_hal_flash.c 0x00000000   Number         0  stm32f0xx_hal_flash.o ABSOLUTE
    ..\Drivers\STM32F0xx_HAL_Driver\Src\stm32f0xx_hal_flash_ex.c 0x00000000   Number         0  stm32f0xx_hal_flash_ex.o ABSOLUTE
    ..\Drivers\STM32F0xx_HAL_Driver\Src\stm32f0xx_hal_gpio.c 0x00000000   Number         0  stm32f0xx_hal_gpio.o ABSOLUTE
    ..\Drivers\STM32F0xx_HAL_Driver\Src\stm32f0xx_hal_i2c.c 0x00000000   Number         0  stm32f0xx_hal_i2c.o ABSOLUTE
    ..\Drivers\STM32F0xx_HAL_Driver\Src\stm32f0xx_hal_i2c_ex.c 0x00000000   Number         0  stm32f0xx_hal_i2c_ex.o ABSOLUTE
    ..\Drivers\STM32F0xx_HAL_Driver\Src\stm32f0xx_hal_pwr.c 0x00000000   Number         0  stm32f0xx_hal_pwr.o ABSOLUTE
    ..\Drivers\STM32F0xx_HAL_Driver\Src\stm32f0xx_hal_pwr_ex.c 0x00000000   Number         0  stm32f0xx_hal_pwr_ex.o ABSOLUTE
    ..\Drivers\STM32F0xx_HAL_Driver\Src\stm32f0xx_hal_rcc.c 0x00000000   Number         0  stm32f0xx_hal_rcc.o ABSOLUTE
    ..\Drivers\STM32F0xx_HAL_Driver\Src\stm32f0xx_hal_rcc_ex.c 0x00000000   Number         0  stm32f0xx_hal_rcc_ex.o ABSOLUTE
    ..\Drivers\STM32F0xx_HAL_Driver\Src\stm32f0xx_hal_tim.c 0x00000000   Number         0  stm32f0xx_hal_tim.o ABSOLUTE
    ..\Drivers\STM32F0xx_HAL_Driver\Src\stm32f0xx_hal_tim_ex.c 0x00000000   Number         0  stm32f0xx_hal_tim_ex.o ABSOLUTE
    ..\Drivers\STM32F0xx_HAL_Driver\Src\stm32f0xx_hal_uart.c 0x00000000   Number         0  stm32f0xx_hal_uart.o ABSOLUTE
    ..\Drivers\STM32F0xx_HAL_Driver\Src\stm32f0xx_hal_uart_ex.c 0x00000000   Number         0  stm32f0xx_hal_uart_ex.o ABSOLUTE
    ..\Src\fw_source.c                       0x00000000   Number         0  fw_source.o ABSOLUTE
    ..\Src\gpio.c                            0x00000000   Number         0  gpio.o ABSOLUTE
    ..\Src\main.c                            0x00000000   Number         0  main.o ABSOLUTE
    ..\Src\param_crc.c                       0x00000000   Number         0  param_crc.o ABSOLUTE
    ..\Src\stm32f0xx_hal_msp.c               0x00000000   Number         0  stm32f0xx_hal_msp.o ABSOLUTE
    ..\Src\stm32f0xx_it.c                    0x00000000   Number         0  stm32f0xx_it.o ABSOLUTE
    ..\Src\usart.c                           0x00000000   Number         0  usart.o ABSOLUTE
    ..\\Drivers\\STM32F0xx_HAL_Driver\\Src\\stm32f0xx_hal_flash.c 0x00000000   Number         0  stm32f0xx_hal_flash.o ABSOLUTE
    ..\\Drivers\\STM32F0xx_HAL_Driver\\Src\\stm32f0xx_hal_flash_ex.c 0x00000000   Number         0  stm32f0xx_hal_flash_ex.o ABSOLUTE
    ..\\Src\system_stm32f0xx.c               0x00000000   Number         0  system_stm32f0xx.o ABSOLUTE
    dc.s                                     0x00000000   Number         0  dc.o ABSOLUTE
    handlers.s                               0x00000000   Number         0  handlers.o ABSOLUTE
    init.s                                   0x00000000   Number         0  init.o ABSOLUTE
    startup_stm32f070x6.s                    0x00000000   Number         0  startup_stm32f070x6.o ABSOLUTE
    RESET                                    0x08000000   Section      192  startup_stm32f070x6.o(RESET)
    .ARM.Collect$$$$00000000                 0x080000c0   Section        0  entry.o(.ARM.Collect$$$$00000000)
    .ARM.Collect$$$$00000001                 0x080000c0   Section        4  entry2.o(.ARM.Collect$$$$00000001)
    .ARM.Collect$$$$00000004                 0x080000c4   Section        4  entry5.o(.ARM.Collect$$$$00000004)
    .ARM.Collect$$$$00000008                 0x080000c8   Section        0  entry7b.o(.ARM.Collect$$$$00000008)
    .ARM.Collect$$$$0000000A                 0x080000c8   Section        0  entry8b.o(.ARM.Collect$$$$0000000A)
    .ARM.Collect$$$$0000000B                 0x080000c8   Section        8  entry9a.o(.ARM.Collect$$$$0000000B)
    .ARM.Collect$$$$0000000D                 0x080000d0   Section        0  entry10a.o(.ARM.Collect$$$$0000000D)
    .ARM.Collect$$$$0000000F                 0x080000d0   Section        0  entry11a.o(.ARM.Collect$$$$0000000F)
    .ARM.Collect$$$$00002712                 0x080000d0   Section        4  entry2.o(.ARM.Collect$$$$00002712)
    __lit__00000000                          0x080000d0   Data           4  entry2.o(.ARM.Collect$$$$00002712)
    .text                                    0x080000d4   Section       88  startup_stm32f070x6.o(.text)
    .text                                    0x0800012c   Section        0  uidiv.o(.text)
    .text                                    0x08000158   Section        0  llushr.o(.text)
    .text                                    0x0800017c   Section       36  init.o(.text)
    i.Ascii_To_Hex                           0x080001a0   Section        0  main.o(i.Ascii_To_Hex)
    i.Ascii_To_Hex_Short                     0x080001ca   Section        0  main.o(i.Ascii_To_Hex_Short)
    i.FLASH_PageErase                        0x080001f8   Section        0  stm32f0xx_hal_flash_ex.o(i.FLASH_PageErase)
    i.FLASH_Program_HalfWord                 0x08000224   Section        0  stm32f0xx_hal_flash.o(i.FLASH_Program_HalfWord)
    FLASH_Program_HalfWord                   0x08000225   Thumb Code    22  stm32f0xx_hal_flash.o(i.FLASH_Program_HalfWord)
    i.FLASH_SetErrorCode                     0x08000244   Section        0  stm32f0xx_hal_flash.o(i.FLASH_SetErrorCode)
    FLASH_SetErrorCode                       0x08000245   Thumb Code    64  stm32f0xx_hal_flash.o(i.FLASH_SetErrorCode)
    i.FLASH_WaitForLastOperation             0x0800028c   Section        0  stm32f0xx_hal_flash.o(i.FLASH_WaitForLastOperation)
    i.Get_Params                             0x080002f4   Section        0  main.o(i.Get_Params)
    i.Get_Raw_FW                             0x080003f4   Section        0  main.o(i.Get_Raw_FW)
    i.HAL_DMA_Abort_IT                       0x080007b4   Section        0  stm32f0xx_hal_dma.o(i.HAL_DMA_Abort_IT)
    i.HAL_Delay                              0x0800080c   Section        0  stm32f0xx_hal.o(i.HAL_Delay)
    i.HAL_FLASH_Lock                         0x0800082c   Section        0  stm32f0xx_hal_flash.o(i.HAL_FLASH_Lock)
    i.HAL_FLASH_Program                      0x08000840   Section        0  stm32f0xx_hal_flash.o(i.HAL_FLASH_Program)
    i.HAL_FLASH_Unlock                       0x080008fc   Section        0  stm32f0xx_hal_flash.o(i.HAL_FLASH_Unlock)
    i.HAL_GPIO_Init                          0x08000928   Section        0  stm32f0xx_hal_gpio.o(i.HAL_GPIO_Init)
    i.HAL_GPIO_WritePin                      0x08000b18   Section        0  stm32f0xx_hal_gpio.o(i.HAL_GPIO_WritePin)
    i.HAL_GetTick                            0x08000b24   Section        0  stm32f0xx_hal.o(i.HAL_GetTick)
    i.HAL_IncTick                            0x08000b30   Section        0  stm32f0xx_hal.o(i.HAL_IncTick)
    i.HAL_Init                               0x08000b40   Section        0  stm32f0xx_hal.o(i.HAL_Init)
    i.HAL_InitTick                           0x08000b60   Section        0  stm32f0xx_hal.o(i.HAL_InitTick)
    i.HAL_MspInit                            0x08000b88   Section        0  stm32f0xx_hal_msp.o(i.HAL_MspInit)
    i.HAL_NVIC_EnableIRQ                     0x08000be8   Section        0  stm32f0xx_hal_cortex.o(i.HAL_NVIC_EnableIRQ)
    i.HAL_NVIC_SetPriority                   0x08000c00   Section        0  stm32f0xx_hal_cortex.o(i.HAL_NVIC_SetPriority)
    i.HAL_RCC_ClockConfig                    0x08000c14   Section        0  stm32f0xx_hal_rcc.o(i.HAL_RCC_ClockConfig)
    i.HAL_RCC_GetHCLKFreq                    0x08000da8   Section        0  stm32f0xx_hal_rcc.o(i.HAL_RCC_GetHCLKFreq)
    i.HAL_RCC_GetPCLK1Freq                   0x08000db4   Section        0  stm32f0xx_hal_rcc.o(i.HAL_RCC_GetPCLK1Freq)
    i.HAL_RCC_GetSysClockFreq                0x08000dd8   Section        0  stm32f0xx_hal_rcc.o(i.HAL_RCC_GetSysClockFreq)
    i.HAL_RCC_OscConfig                      0x08000e9c   Section        0  stm32f0xx_hal_rcc.o(i.HAL_RCC_OscConfig)
    i.HAL_SYSTICK_CLKSourceConfig            0x080013ec   Section        0  stm32f0xx_hal_cortex.o(i.HAL_SYSTICK_CLKSourceConfig)
    i.HAL_SYSTICK_Callback                   0x08001410   Section        0  main.o(i.HAL_SYSTICK_Callback)
    i.HAL_SYSTICK_Config                     0x0800148c   Section        0  stm32f0xx_hal_cortex.o(i.HAL_SYSTICK_Config)
    i.HAL_SYSTICK_IRQHandler                 0x080014c4   Section        0  stm32f0xx_hal_cortex.o(i.HAL_SYSTICK_IRQHandler)
    i.HAL_UART_ErrorCallback                 0x080014cc   Section        0  stm32f0xx_hal_uart.o(i.HAL_UART_ErrorCallback)
    i.HAL_UART_IRQHandler                    0x080014d0   Section        0  stm32f0xx_hal_uart.o(i.HAL_UART_IRQHandler)
    i.HAL_UART_Init                          0x08001664   Section        0  stm32f0xx_hal_uart.o(i.HAL_UART_Init)
    i.HAL_UART_MspInit                       0x080016e8   Section        0  usart.o(i.HAL_UART_MspInit)
    i.HAL_UART_RxCpltCallback                0x080017ac   Section        0  main.o(i.HAL_UART_RxCpltCallback)
    i.HAL_UART_Transmit                      0x080017e8   Section        0  stm32f0xx_hal_uart.o(i.HAL_UART_Transmit)
    i.HAL_UART_TxCpltCallback                0x080018d8   Section        0  main.o(i.HAL_UART_TxCpltCallback)
    i.HardFault_Handler                      0x080018f4   Section        0  stm32f0xx_it.o(i.HardFault_Handler)
    i.MX_GPIO_Init                           0x080018f8   Section        0  gpio.o(i.MX_GPIO_Init)
    i.MX_USART1_UART_Init                    0x08001998   Section        0  usart.o(i.MX_USART1_UART_Init)
    i.MX_USART2_UART_Init                    0x080019f0   Section        0  usart.o(i.MX_USART2_UART_Init)
    i.NMI_Handler                            0x08001a48   Section        0  stm32f0xx_it.o(i.NMI_Handler)
    i.NVIC_SetPriority                       0x08001a4c   Section        0  stm32f0xx_hal_cortex.o(i.NVIC_SetPriority)
    NVIC_SetPriority                         0x08001a4d   Thumb Code   110  stm32f0xx_hal_cortex.o(i.NVIC_SetPriority)
    i.Pack_buff                              0x08001ac4   Section        0  main.o(i.Pack_buff)
    i.Parce_CMD                              0x08001b3c   Section        0  main.o(i.Parce_CMD)
    i.Parce_Packet                           0x08001ca4   Section        0  main.o(i.Parce_Packet)
    i.PendSV_Handler                         0x08001d08   Section        0  stm32f0xx_it.o(i.PendSV_Handler)
    i.Read_NB                                0x08001d0c   Section        0  main.o(i.Read_NB)
    i.SVC_Handler                            0x08001d28   Section        0  stm32f0xx_it.o(i.SVC_Handler)
    i.SysTick_Handler                        0x08001d2a   Section        0  stm32f0xx_it.o(i.SysTick_Handler)
    i.SystemClock_Config                     0x08001d38   Section        0  main.o(i.SystemClock_Config)
    i.SystemInit                             0x08001dbc   Section        0  system_stm32f0xx.o(i.SystemInit)
    i.UART_AdvFeatureConfig                  0x08001e3c   Section        0  stm32f0xx_hal_uart.o(i.UART_AdvFeatureConfig)
    i.UART_CheckIdleState                    0x08001f2c   Section        0  stm32f0xx_hal_uart.o(i.UART_CheckIdleState)
    i.UART_DMAAbortOnError                   0x08001f4a   Section        0  stm32f0xx_hal_uart.o(i.UART_DMAAbortOnError)
    UART_DMAAbortOnError                     0x08001f4b   Thumb Code    24  stm32f0xx_hal_uart.o(i.UART_DMAAbortOnError)
    i.UART_EndRxTransfer                     0x08001f62   Section        0  stm32f0xx_hal_uart.o(i.UART_EndRxTransfer)
    UART_EndRxTransfer                       0x08001f63   Thumb Code    34  stm32f0xx_hal_uart.o(i.UART_EndRxTransfer)
    i.UART_EndTransmit_IT                    0x08001f84   Section        0  stm32f0xx_hal_uart.o(i.UART_EndTransmit_IT)
    i.UART_Receive_IT                        0x08001fa4   Section        0  stm32f0xx_hal_uart.o(i.UART_Receive_IT)
    i.UART_SetConfig                         0x08002034   Section        0  stm32f0xx_hal_uart.o(i.UART_SetConfig)
    i.UART_Transmit_IT                       0x08002218   Section        0  stm32f0xx_hal_uart.o(i.UART_Transmit_IT)
    i.UART_WaitOnFlagUntilTimeout            0x0800228a   Section        0  stm32f0xx_hal_uart.o(i.UART_WaitOnFlagUntilTimeout)
    i.USART1_IRQHandler                      0x080022fc   Section        0  main.o(i.USART1_IRQHandler)
    i.USART2_IRQHandler                      0x08002328   Section        0  stm32f0xx_it.o(i.USART2_IRQHandler)
    i._Error_Handler                         0x08002338   Section        0  main.o(i._Error_Handler)
    i.__scatterload_copy                     0x0800233c   Section       14  handlers.o(i.__scatterload_copy)
    i.__scatterload_null                     0x0800234a   Section        2  handlers.o(i.__scatterload_null)
    i.__scatterload_zeroinit                 0x0800234c   Section       14  handlers.o(i.__scatterload_zeroinit)
    i.main                                   0x0800235c   Section        0  main.o(i.main)
    i.param_crc16_finit                      0x08002444   Section        0  param_crc.o(i.param_crc16_finit)
    i.param_crc16_init                       0x08002454   Section        0  param_crc.o(i.param_crc16_init)
    i.param_crc16_update                     0x0800245c   Section        0  param_crc.o(i.param_crc16_update)
    i.param_crc_update_crc16                 0x08002474   Section        0  param_crc.o(i.param_crc_update_crc16)
    i.reverse16                              0x080024bc   Section        0  param_crc.o(i.reverse16)
    i.reverse8                               0x08002518   Section        0  param_crc.o(i.reverse8)
    .constdata                               0x08002548   Section       24  system_stm32f0xx.o(.constdata)
    .data                                    0x20000000   Section       85  main.o(.data)
    MillisecondTick                          0x20000010   Data           4  main.o(.data)
    lastReceivedTick                         0x20000014   Data           4  main.o(.data)
    .data                                    0x20000058   Section        4  stm32f0xx_hal.o(.data)
    .data                                    0x2000005c   Section        4  system_stm32f0xx.o(.data)
    .bss                                     0x20000060   Section     3172  main.o(.bss)
    .bss                                     0x20000cc4   Section      224  usart.o(.bss)
    .bss                                     0x20000da8   Section       32  stm32f0xx_hal_flash.o(.bss)
    STACK                                    0x20000dc8   Section     1024  startup_stm32f070x6.o(STACK)

    Global Symbols

    Symbol Name                              Value     Ov Type        Size  Object(Section)

    BuildAttributes$$THM_ISAv3M$S$PE$A:L22$X:L11$S22$IEEE1$IW$USESV6$~STKCKD$USESV7$~SHL$OSPACE$EBA8$MICROLIB$REQ8$PRES8$EABIv2 0x00000000   Number         0  anon$$obj.o ABSOLUTE
    __ARM_use_no_argv                        0x00000000   Number         0  main.o ABSOLUTE
    __cpp_initialize__aeabi_                  - Undefined Weak Reference
    __cxa_finalize                            - Undefined Weak Reference
    __decompress                              - Undefined Weak Reference
    _clock_init                               - Undefined Weak Reference
    _microlib_exit                            - Undefined Weak Reference
    __Vectors_Size                           0x000000c0   Number         0  startup_stm32f070x6.o ABSOLUTE
    __Vectors                                0x08000000   Data           4  startup_stm32f070x6.o(RESET)
    __Vectors_End                            0x080000c0   Data           0  startup_stm32f070x6.o(RESET)
    __main                                   0x080000c1   Thumb Code     0  entry.o(.ARM.Collect$$$$00000000)
    _main_stk                                0x080000c1   Thumb Code     0  entry2.o(.ARM.Collect$$$$00000001)
    _main_scatterload                        0x080000c5   Thumb Code     0  entry5.o(.ARM.Collect$$$$00000004)
    __main_after_scatterload                 0x080000c9   Thumb Code     0  entry5.o(.ARM.Collect$$$$00000004)
    _main_clock                              0x080000c9   Thumb Code     0  entry7b.o(.ARM.Collect$$$$00000008)
    _main_cpp_init                           0x080000c9   Thumb Code     0  entry8b.o(.ARM.Collect$$$$0000000A)
    _main_init                               0x080000c9   Thumb Code     0  entry9a.o(.ARM.Collect$$$$0000000B)
    __rt_final_cpp                           0x080000d1   Thumb Code     0  entry10a.o(.ARM.Collect$$$$0000000D)
    __rt_final_exit                          0x080000d1   Thumb Code     0  entry11a.o(.ARM.Collect$$$$0000000F)
    Reset_Handler                            0x080000d5   Thumb Code    38  startup_stm32f070x6.o(.text)
    ADC1_IRQHandler                          0x08000105   Thumb Code     0  startup_stm32f070x6.o(.text)
    DMA1_Channel1_IRQHandler                 0x08000105   Thumb Code     0  startup_stm32f070x6.o(.text)
    DMA1_Channel2_3_IRQHandler               0x08000105   Thumb Code     0  startup_stm32f070x6.o(.text)
    DMA1_Channel4_5_IRQHandler               0x08000105   Thumb Code     0  startup_stm32f070x6.o(.text)
    EXTI0_1_IRQHandler                       0x08000105   Thumb Code     0  startup_stm32f070x6.o(.text)
    EXTI2_3_IRQHandler                       0x08000105   Thumb Code     0  startup_stm32f070x6.o(.text)
    EXTI4_15_IRQHandler                      0x08000105   Thumb Code     0  startup_stm32f070x6.o(.text)
    FLASH_IRQHandler                         0x08000105   Thumb Code     0  startup_stm32f070x6.o(.text)
    I2C1_IRQHandler                          0x08000105   Thumb Code     0  startup_stm32f070x6.o(.text)
    RCC_IRQHandler                           0x08000105   Thumb Code     0  startup_stm32f070x6.o(.text)
    RTC_IRQHandler                           0x08000105   Thumb Code     0  startup_stm32f070x6.o(.text)
    SPI1_IRQHandler                          0x08000105   Thumb Code     0  startup_stm32f070x6.o(.text)
    TIM14_IRQHandler                         0x08000105   Thumb Code     0  startup_stm32f070x6.o(.text)
    TIM16_IRQHandler                         0x08000105   Thumb Code     0  startup_stm32f070x6.o(.text)
    TIM17_IRQHandler                         0x08000105   Thumb Code     0  startup_stm32f070x6.o(.text)
    TIM1_BRK_UP_TRG_COM_IRQHandler           0x08000105   Thumb Code     0  startup_stm32f070x6.o(.text)
    TIM1_CC_IRQHandler                       0x08000105   Thumb Code     0  startup_stm32f070x6.o(.text)
    TIM3_IRQHandler                          0x08000105   Thumb Code     0  startup_stm32f070x6.o(.text)
    USB_IRQHandler                           0x08000105   Thumb Code     0  startup_stm32f070x6.o(.text)
    WWDG_IRQHandler                          0x08000105   Thumb Code     0  startup_stm32f070x6.o(.text)
    __aeabi_uidiv                            0x0800012d   Thumb Code     0  uidiv.o(.text)
    __aeabi_uidivmod                         0x0800012d   Thumb Code    44  uidiv.o(.text)
    __aeabi_llsr                             0x08000159   Thumb Code    34  llushr.o(.text)
    _ll_ushift_r                             0x08000159   Thumb Code     0  llushr.o(.text)
    __scatterload                            0x0800017d   Thumb Code    28  init.o(.text)
    __scatterload_rt2                        0x0800017d   Thumb Code     0  init.o(.text)
    Ascii_To_Hex                             0x080001a1   Thumb Code    42  main.o(i.Ascii_To_Hex)
    Ascii_To_Hex_Short                       0x080001cb   Thumb Code    46  main.o(i.Ascii_To_Hex_Short)
    FLASH_PageErase                          0x080001f9   Thumb Code    34  stm32f0xx_hal_flash_ex.o(i.FLASH_PageErase)
    FLASH_WaitForLastOperation               0x0800028d   Thumb Code   100  stm32f0xx_hal_flash.o(i.FLASH_WaitForLastOperation)
    Get_Params                               0x080002f5   Thumb Code   254  main.o(i.Get_Params)
    Get_Raw_FW                               0x080003f5   Thumb Code   902  main.o(i.Get_Raw_FW)
    HAL_DMA_Abort_IT                         0x080007b5   Thumb Code    88  stm32f0xx_hal_dma.o(i.HAL_DMA_Abort_IT)
    HAL_Delay                                0x0800080d   Thumb Code    32  stm32f0xx_hal.o(i.HAL_Delay)
    HAL_FLASH_Lock                           0x0800082d   Thumb Code    16  stm32f0xx_hal_flash.o(i.HAL_FLASH_Lock)
    HAL_FLASH_Program                        0x08000841   Thumb Code   174  stm32f0xx_hal_flash.o(i.HAL_FLASH_Program)
    HAL_FLASH_Unlock                         0x080008fd   Thumb Code    32  stm32f0xx_hal_flash.o(i.HAL_FLASH_Unlock)
    HAL_GPIO_Init                            0x08000929   Thumb Code   470  stm32f0xx_hal_gpio.o(i.HAL_GPIO_Init)
    HAL_GPIO_WritePin                        0x08000b19   Thumb Code    12  stm32f0xx_hal_gpio.o(i.HAL_GPIO_WritePin)
    HAL_GetTick                              0x08000b25   Thumb Code     6  stm32f0xx_hal.o(i.HAL_GetTick)
    HAL_IncTick                              0x08000b31   Thumb Code    12  stm32f0xx_hal.o(i.HAL_IncTick)
    HAL_Init                                 0x08000b41   Thumb Code    28  stm32f0xx_hal.o(i.HAL_Init)
    HAL_InitTick                             0x08000b61   Thumb Code    38  stm32f0xx_hal.o(i.HAL_InitTick)
    HAL_MspInit                              0x08000b89   Thumb Code    90  stm32f0xx_hal_msp.o(i.HAL_MspInit)
    HAL_NVIC_EnableIRQ                       0x08000be9   Thumb Code    18  stm32f0xx_hal_cortex.o(i.HAL_NVIC_EnableIRQ)
    HAL_NVIC_SetPriority                     0x08000c01   Thumb Code    18  stm32f0xx_hal_cortex.o(i.HAL_NVIC_SetPriority)
    HAL_RCC_ClockConfig                      0x08000c15   Thumb Code   382  stm32f0xx_hal_rcc.o(i.HAL_RCC_ClockConfig)
    HAL_RCC_GetHCLKFreq                      0x08000da9   Thumb Code     6  stm32f0xx_hal_rcc.o(i.HAL_RCC_GetHCLKFreq)
    HAL_RCC_GetPCLK1Freq                     0x08000db5   Thumb Code    26  stm32f0xx_hal_rcc.o(i.HAL_RCC_GetPCLK1Freq)
    HAL_RCC_GetSysClockFreq                  0x08000dd9   Thumb Code   156  stm32f0xx_hal_rcc.o(i.HAL_RCC_GetSysClockFreq)
    HAL_RCC_OscConfig                        0x08000e9d   Thumb Code  1356  stm32f0xx_hal_rcc.o(i.HAL_RCC_OscConfig)
    HAL_SYSTICK_CLKSourceConfig              0x080013ed   Thumb Code    32  stm32f0xx_hal_cortex.o(i.HAL_SYSTICK_CLKSourceConfig)
    HAL_SYSTICK_Callback                     0x08001411   Thumb Code    94  main.o(i.HAL_SYSTICK_Callback)
    HAL_SYSTICK_Config                       0x0800148d   Thumb Code    46  stm32f0xx_hal_cortex.o(i.HAL_SYSTICK_Config)
    HAL_SYSTICK_IRQHandler                   0x080014c5   Thumb Code     8  stm32f0xx_hal_cortex.o(i.HAL_SYSTICK_IRQHandler)
    HAL_UART_ErrorCallback                   0x080014cd   Thumb Code     2  stm32f0xx_hal_uart.o(i.HAL_UART_ErrorCallback)
    HAL_UART_IRQHandler                      0x080014d1   Thumb Code   398  stm32f0xx_hal_uart.o(i.HAL_UART_IRQHandler)
    HAL_UART_Init                            0x08001665   Thumb Code   130  stm32f0xx_hal_uart.o(i.HAL_UART_Init)
    HAL_UART_MspInit                         0x080016e9   Thumb Code   184  usart.o(i.HAL_UART_MspInit)
    HAL_UART_RxCpltCallback                  0x080017ad   Thumb Code    44  main.o(i.HAL_UART_RxCpltCallback)
    HAL_UART_Transmit                        0x080017e9   Thumb Code   240  stm32f0xx_hal_uart.o(i.HAL_UART_Transmit)
    HAL_UART_TxCpltCallback                  0x080018d9   Thumb Code    18  main.o(i.HAL_UART_TxCpltCallback)
    HardFault_Handler                        0x080018f5   Thumb Code     4  stm32f0xx_it.o(i.HardFault_Handler)
    MX_GPIO_Init                             0x080018f9   Thumb Code   150  gpio.o(i.MX_GPIO_Init)
    MX_USART1_UART_Init                      0x08001999   Thumb Code    62  usart.o(i.MX_USART1_UART_Init)
    MX_USART2_UART_Init                      0x080019f1   Thumb Code    64  usart.o(i.MX_USART2_UART_Init)
    NMI_Handler                              0x08001a49   Thumb Code     2  stm32f0xx_it.o(i.NMI_Handler)
    Pack_buff                                0x08001ac5   Thumb Code   120  main.o(i.Pack_buff)
    Parce_CMD                                0x08001b3d   Thumb Code   322  main.o(i.Parce_CMD)
    Parce_Packet                             0x08001ca5   Thumb Code    90  main.o(i.Parce_Packet)
    PendSV_Handler                           0x08001d09   Thumb Code     2  stm32f0xx_it.o(i.PendSV_Handler)
    Read_NB                                  0x08001d0d   Thumb Code    24  main.o(i.Read_NB)
    SVC_Handler                              0x08001d29   Thumb Code     2  stm32f0xx_it.o(i.SVC_Handler)
    SysTick_Handler                          0x08001d2b   Thumb Code    12  stm32f0xx_it.o(i.SysTick_Handler)
    SystemClock_Config                       0x08001d39   Thumb Code   112  main.o(i.SystemClock_Config)
    SystemInit                               0x08001dbd   Thumb Code   116  system_stm32f0xx.o(i.SystemInit)
    UART_AdvFeatureConfig                    0x08001e3d   Thumb Code   240  stm32f0xx_hal_uart.o(i.UART_AdvFeatureConfig)
    UART_CheckIdleState                      0x08001f2d   Thumb Code    30  stm32f0xx_hal_uart.o(i.UART_CheckIdleState)
    UART_EndTransmit_IT                      0x08001f85   Thumb Code    32  stm32f0xx_hal_uart.o(i.UART_EndTransmit_IT)
    UART_Receive_IT                          0x08001fa5   Thumb Code   142  stm32f0xx_hal_uart.o(i.UART_Receive_IT)
    UART_SetConfig                           0x08002035   Thumb Code   454  stm32f0xx_hal_uart.o(i.UART_SetConfig)
    UART_Transmit_IT                         0x08002219   Thumb Code   114  stm32f0xx_hal_uart.o(i.UART_Transmit_IT)
    UART_WaitOnFlagUntilTimeout              0x0800228b   Thumb Code   112  stm32f0xx_hal_uart.o(i.UART_WaitOnFlagUntilTimeout)
    USART1_IRQHandler                        0x080022fd   Thumb Code    40  main.o(i.USART1_IRQHandler)
    USART2_IRQHandler                        0x08002329   Thumb Code    10  stm32f0xx_it.o(i.USART2_IRQHandler)
    _Error_Handler                           0x08002339   Thumb Code     4  main.o(i._Error_Handler)
    __scatterload_copy                       0x0800233d   Thumb Code    14  handlers.o(i.__scatterload_copy)
    __scatterload_null                       0x0800234b   Thumb Code     2  handlers.o(i.__scatterload_null)
    __scatterload_zeroinit                   0x0800234d   Thumb Code    14  handlers.o(i.__scatterload_zeroinit)
    main                                     0x0800235d   Thumb Code   200  main.o(i.main)
    param_crc16_finit                        0x08002445   Thumb Code    16  param_crc.o(i.param_crc16_finit)
    param_crc16_init                         0x08002455   Thumb Code     4  param_crc.o(i.param_crc16_init)
    param_crc16_update                       0x0800245d   Thumb Code    20  param_crc.o(i.param_crc16_update)
    param_crc_update_crc16                   0x08002475   Thumb Code    72  param_crc.o(i.param_crc_update_crc16)
    reverse16                                0x080024bd   Thumb Code    66  param_crc.o(i.reverse16)
    reverse8                                 0x08002519   Thumb Code    48  param_crc.o(i.reverse8)
    AHBPrescTable                            0x08002548   Data          16  system_stm32f0xx.o(.constdata)
    APBPrescTable                            0x08002558   Data           8  system_stm32f0xx.o(.constdata)
    Region$$Table$$Base                      0x08002560   Number         0  anon$$obj.o(Region$$Table)
    Region$$Table$$Limit                     0x08002580   Number         0  anon$$obj.o(Region$$Table)
    add_linear_address                       0x20000000   Data           4  main.o(.data)
    delay1                                   0x20000004   Data           4  main.o(.data)
    delay2                                   0x20000008   Data           4  main.o(.data)
    bl_delay                                 0x2000000c   Data           2  main.o(.data)
    page_tmp                                 0x20000018   Data           1  main.o(.data)
    size_data                                0x20000019   Data           1  main.o(.data)
    type_data                                0x2000001a   Data           1  main.o(.data)
    check_sum                                0x2000001b   Data           1  main.o(.data)
    address_data                             0x2000001c   Data           2  main.o(.data)
    calculation_check_sum                    0x2000001e   Data           1  main.o(.data)
    FLASHStatus                              0x2000001f   Data           1  main.o(.data)
    program_data                             0x20000020   Data           4  main.o(.data)
    extented_linear_adress                   0x20000024   Data           4  main.o(.data)
    is_load                                  0x20000028   Data           1  main.o(.data)
    InfoStr                                  0x2000002a   Data           8  main.o(.data)
    ans                                      0x20000032   Data           1  main.o(.data)
    msg_lng                                  0x20000034   Data           2  main.o(.data)
    page                                     0x20000036   Data           2  main.o(.data)
    data_lng                                 0x20000038   Data           2  main.o(.data)
    ind                                      0x2000003a   Data           2  main.o(.data)
    buff                                     0x2000003c   Data           8  main.o(.data)
    ans1                                     0x20000044   Data           1  main.o(.data)
    write                                    0x20000045   Data           1  main.o(.data)
    pg_num                                   0x20000046   Data           1  main.o(.data)
    fw_lng                                   0x20000048   Data           2  main.o(.data)
    counter_tmp                              0x2000004a   Data           1  main.o(.data)
    andww                                    0x2000004b   Data           1  main.o(.data)
    writed_line                              0x2000004c   Data           1  main.o(.data)
    state_flag                               0x2000004d   Data           1  main.o(.data)
    err_couter                               0x2000004e   Data           1  main.o(.data)
    prev_write_end                           0x20000050   Data           2  main.o(.data)
    reduce_counter                           0x20000052   Data           2  main.o(.data)
    sdata                                    0x20000054   Data           1  main.o(.data)
    uwTick                                   0x20000058   Data           4  stm32f0xx_hal.o(.data)
    SystemCoreClock                          0x2000005c   Data           4  system_stm32f0xx.o(.data)
    msg_param                                0x20000060   Data          10  main.o(.bss)
    rdata                                    0x2000006a   Data        2832  main.o(.bss)
    send_buf                                 0x20000b7a   Data          30  main.o(.bss)
    tmp11111                                 0x20000b98   Data         300  main.o(.bss)
    huart2                                   0x20000cc4   Data         112  usart.o(.bss)
    huart1                                   0x20000d34   Data         112  usart.o(.bss)
    pFlash                                   0x20000da8   Data          32  stm32f0xx_hal_flash.o(.bss)
    __initial_sp                             0x200011c8   Data           0  startup_stm32f070x6.o(STACK)



==============================================================================

Memory Map of the image

  Image Entry point : 0x080000c1

  Load Region LR_IROM1 (Base: 0x08000000, Size: 0x000025e0, Max: 0x00008000, ABSOLUTE)

    Execution Region ER_IROM1 (Exec base: 0x08000000, Load base: 0x08000000, Size: 0x00002580, Max: 0x00008000, ABSOLUTE)

    Exec Addr    Load Addr    Size         Type   Attr      Idx    E Section Name        Object

    0x08000000   0x08000000   0x000000c0   Data   RO            3    RESET               startup_stm32f070x6.o
    0x080000c0   0x080000c0   0x00000000   Code   RO         2186  * .ARM.Collect$$$$00000000  mc_p.l(entry.o)
    0x080000c0   0x080000c0   0x00000004   Code   RO         2193    .ARM.Collect$$$$00000001  mc_p.l(entry2.o)
    0x080000c4   0x080000c4   0x00000004   Code   RO         2196    .ARM.Collect$$$$00000004  mc_p.l(entry5.o)
    0x080000c8   0x080000c8   0x00000000   Code   RO         2198    .ARM.Collect$$$$00000008  mc_p.l(entry7b.o)
    0x080000c8   0x080000c8   0x00000000   Code   RO         2200    .ARM.Collect$$$$0000000A  mc_p.l(entry8b.o)
    0x080000c8   0x080000c8   0x00000008   Code   RO         2201    .ARM.Collect$$$$0000000B  mc_p.l(entry9a.o)
    0x080000d0   0x080000d0   0x00000000   Code   RO         2203    .ARM.Collect$$$$0000000D  mc_p.l(entry10a.o)
    0x080000d0   0x080000d0   0x00000000   Code   RO         2205    .ARM.Collect$$$$0000000F  mc_p.l(entry11a.o)
    0x080000d0   0x080000d0   0x00000004   Code   RO         2194    .ARM.Collect$$$$00002712  mc_p.l(entry2.o)
    0x080000d4   0x080000d4   0x00000058   Code   RO            4    .text               startup_stm32f070x6.o
    0x0800012c   0x0800012c   0x0000002c   Code   RO         2189    .text               mc_p.l(uidiv.o)
    0x08000158   0x08000158   0x00000022   Code   RO         2191    .text               mc_p.l(llushr.o)
    0x0800017a   0x0800017a   0x00000002   PAD
    0x0800017c   0x0800017c   0x00000024   Code   RO         2207    .text               mc_p.l(init.o)
    0x080001a0   0x080001a0   0x0000002a   Code   RO           12    i.Ascii_To_Hex      main.o
    0x080001ca   0x080001ca   0x0000002e   Code   RO           13    i.Ascii_To_Hex_Short  main.o
    0x080001f8   0x080001f8   0x0000002c   Code   RO         2062    i.FLASH_PageErase   stm32f0xx_hal_flash_ex.o
    0x08000224   0x08000224   0x00000020   Code   RO         1954    i.FLASH_Program_HalfWord  stm32f0xx_hal_flash.o
    0x08000244   0x08000244   0x00000048   Code   RO         1955    i.FLASH_SetErrorCode  stm32f0xx_hal_flash.o
    0x0800028c   0x0800028c   0x00000068   Code   RO         1956    i.FLASH_WaitForLastOperation  stm32f0xx_hal_flash.o
    0x080002f4   0x080002f4   0x000000fe   Code   RO           15    i.Get_Params        main.o
    0x080003f2   0x080003f2   0x00000002   PAD
    0x080003f4   0x080003f4   0x000003c0   Code   RO           16    i.Get_Raw_FW        main.o
    0x080007b4   0x080007b4   0x00000058   Code   RO         1665    i.HAL_DMA_Abort_IT  stm32f0xx_hal_dma.o
    0x0800080c   0x0800080c   0x00000020   Code   RO         1006    i.HAL_Delay         stm32f0xx_hal.o
    0x0800082c   0x0800082c   0x00000014   Code   RO         1960    i.HAL_FLASH_Lock    stm32f0xx_hal_flash.o
    0x08000840   0x08000840   0x000000bc   Code   RO         1965    i.HAL_FLASH_Program  stm32f0xx_hal_flash.o
    0x080008fc   0x080008fc   0x0000002c   Code   RO         1967    i.HAL_FLASH_Unlock  stm32f0xx_hal_flash.o
    0x08000928   0x08000928   0x000001f0   Code   RO         1603    i.HAL_GPIO_Init     stm32f0xx_hal_gpio.o
    0x08000b18   0x08000b18   0x0000000c   Code   RO         1607    i.HAL_GPIO_WritePin  stm32f0xx_hal_gpio.o
    0x08000b24   0x08000b24   0x0000000c   Code   RO         1010    i.HAL_GetTick       stm32f0xx_hal.o
    0x08000b30   0x08000b30   0x00000010   Code   RO         1014    i.HAL_IncTick       stm32f0xx_hal.o
    0x08000b40   0x08000b40   0x00000020   Code   RO         1015    i.HAL_Init          stm32f0xx_hal.o
    0x08000b60   0x08000b60   0x00000026   Code   RO         1016    i.HAL_InitTick      stm32f0xx_hal.o
    0x08000b86   0x08000b86   0x00000002   PAD
    0x08000b88   0x08000b88   0x00000060   Code   RO          378    i.HAL_MspInit       stm32f0xx_hal_msp.o
    0x08000be8   0x08000be8   0x00000018   Code   RO         1762    i.HAL_NVIC_EnableIRQ  stm32f0xx_hal_cortex.o
    0x08000c00   0x08000c00   0x00000012   Code   RO         1766    i.HAL_NVIC_SetPriority  stm32f0xx_hal_cortex.o
    0x08000c12   0x08000c12   0x00000002   PAD
    0x08000c14   0x08000c14   0x00000194   Code   RO          878    i.HAL_RCC_ClockConfig  stm32f0xx_hal_rcc.o
    0x08000da8   0x08000da8   0x0000000c   Code   RO          883    i.HAL_RCC_GetHCLKFreq  stm32f0xx_hal_rcc.o
    0x08000db4   0x08000db4   0x00000024   Code   RO          885    i.HAL_RCC_GetPCLK1Freq  stm32f0xx_hal_rcc.o
    0x08000dd8   0x08000dd8   0x000000c4   Code   RO          886    i.HAL_RCC_GetSysClockFreq  stm32f0xx_hal_rcc.o
    0x08000e9c   0x08000e9c   0x00000550   Code   RO          889    i.HAL_RCC_OscConfig  stm32f0xx_hal_rcc.o
    0x080013ec   0x080013ec   0x00000024   Code   RO         1768    i.HAL_SYSTICK_CLKSourceConfig  stm32f0xx_hal_cortex.o
    0x08001410   0x08001410   0x0000007c   Code   RO           18    i.HAL_SYSTICK_Callback  main.o
    0x0800148c   0x0800148c   0x00000038   Code   RO         1770    i.HAL_SYSTICK_Config  stm32f0xx_hal_cortex.o
    0x080014c4   0x080014c4   0x00000008   Code   RO         1771    i.HAL_SYSTICK_IRQHandler  stm32f0xx_hal_cortex.o
    0x080014cc   0x080014cc   0x00000002   Code   RO          533    i.HAL_UART_ErrorCallback  stm32f0xx_hal_uart.o
    0x080014ce   0x080014ce   0x00000002   PAD
    0x080014d0   0x080014d0   0x00000194   Code   RO          536    i.HAL_UART_IRQHandler  stm32f0xx_hal_uart.o
    0x08001664   0x08001664   0x00000082   Code   RO          537    i.HAL_UART_Init     stm32f0xx_hal_uart.o
    0x080016e6   0x080016e6   0x00000002   PAD
    0x080016e8   0x080016e8   0x000000c4   Code   RO          281    i.HAL_UART_MspInit  usart.o
    0x080017ac   0x080017ac   0x0000003c   Code   RO           19    i.HAL_UART_RxCpltCallback  main.o
    0x080017e8   0x080017e8   0x000000f0   Code   RO          545    i.HAL_UART_Transmit  stm32f0xx_hal_uart.o
    0x080018d8   0x080018d8   0x0000001c   Code   RO           20    i.HAL_UART_TxCpltCallback  main.o
    0x080018f4   0x080018f4   0x00000004   Code   RO          324    i.HardFault_Handler  stm32f0xx_it.o
    0x080018f8   0x080018f8   0x000000a0   Code   RO          254    i.MX_GPIO_Init      gpio.o
    0x08001998   0x08001998   0x00000058   Code   RO          282    i.MX_USART1_UART_Init  usart.o
    0x080019f0   0x080019f0   0x00000058   Code   RO          283    i.MX_USART2_UART_Init  usart.o
    0x08001a48   0x08001a48   0x00000002   Code   RO          325    i.NMI_Handler       stm32f0xx_it.o
    0x08001a4a   0x08001a4a   0x00000002   PAD
    0x08001a4c   0x08001a4c   0x00000078   Code   RO         1772    i.NVIC_SetPriority  stm32f0xx_hal_cortex.o
    0x08001ac4   0x08001ac4   0x00000078   Code   RO           21    i.Pack_buff         main.o
    0x08001b3c   0x08001b3c   0x00000168   Code   RO           22    i.Parce_CMD         main.o
    0x08001ca4   0x08001ca4   0x00000064   Code   RO           23    i.Parce_Packet      main.o
    0x08001d08   0x08001d08   0x00000002   Code   RO          326    i.PendSV_Handler    stm32f0xx_it.o
    0x08001d0a   0x08001d0a   0x00000002   PAD
    0x08001d0c   0x08001d0c   0x0000001c   Code   RO           24    i.Read_NB           main.o
    0x08001d28   0x08001d28   0x00000002   Code   RO          327    i.SVC_Handler       stm32f0xx_it.o
    0x08001d2a   0x08001d2a   0x0000000c   Code   RO          328    i.SysTick_Handler   stm32f0xx_it.o
    0x08001d36   0x08001d36   0x00000002   PAD
    0x08001d38   0x08001d38   0x00000084   Code   RO           26    i.SystemClock_Config  main.o
    0x08001dbc   0x08001dbc   0x00000080   Code   RO         2156    i.SystemInit        system_stm32f0xx.o
    0x08001e3c   0x08001e3c   0x000000f0   Code   RO          550    i.UART_AdvFeatureConfig  stm32f0xx_hal_uart.o
    0x08001f2c   0x08001f2c   0x0000001e   Code   RO          551    i.UART_CheckIdleState  stm32f0xx_hal_uart.o
    0x08001f4a   0x08001f4a   0x00000018   Code   RO          552    i.UART_DMAAbortOnError  stm32f0xx_hal_uart.o
    0x08001f62   0x08001f62   0x00000022   Code   RO          562    i.UART_EndRxTransfer  stm32f0xx_hal_uart.o
    0x08001f84   0x08001f84   0x00000020   Code   RO          563    i.UART_EndTransmit_IT  stm32f0xx_hal_uart.o
    0x08001fa4   0x08001fa4   0x0000008e   Code   RO          565    i.UART_Receive_IT   stm32f0xx_hal_uart.o
    0x08002032   0x08002032   0x00000002   PAD
    0x08002034   0x08002034   0x000001e4   Code   RO          566    i.UART_SetConfig    stm32f0xx_hal_uart.o
    0x08002218   0x08002218   0x00000072   Code   RO          567    i.UART_Transmit_IT  stm32f0xx_hal_uart.o
    0x0800228a   0x0800228a   0x00000070   Code   RO          568    i.UART_WaitOnFlagUntilTimeout  stm32f0xx_hal_uart.o
    0x080022fa   0x080022fa   0x00000002   PAD
    0x080022fc   0x080022fc   0x0000002c   Code   RO           27    i.USART1_IRQHandler  main.o
    0x08002328   0x08002328   0x00000010   Code   RO          329    i.USART2_IRQHandler  stm32f0xx_it.o
    0x08002338   0x08002338   0x00000004   Code   RO           28    i._Error_Handler    main.o
    0x0800233c   0x0800233c   0x0000000e   Code   RO         2211    i.__scatterload_copy  mc_p.l(handlers.o)
    0x0800234a   0x0800234a   0x00000002   Code   RO         2212    i.__scatterload_null  mc_p.l(handlers.o)
    0x0800234c   0x0800234c   0x0000000e   Code   RO         2213    i.__scatterload_zeroinit  mc_p.l(handlers.o)
    0x0800235a   0x0800235a   0x00000002   PAD
    0x0800235c   0x0800235c   0x000000e8   Code   RO           30    i.main              main.o
    0x08002444   0x08002444   0x00000010   Code   RO          406    i.param_crc16_finit  param_crc.o
    0x08002454   0x08002454   0x00000008   Code   RO          407    i.param_crc16_init  param_crc.o
    0x0800245c   0x0800245c   0x00000018   Code   RO          408    i.param_crc16_update  param_crc.o
    0x08002474   0x08002474   0x00000048   Code   RO          412    i.param_crc_update_crc16  param_crc.o
    0x080024bc   0x080024bc   0x0000005c   Code   RO          414    i.reverse16         param_crc.o
    0x08002518   0x08002518   0x00000030   Code   RO          416    i.reverse8          param_crc.o
    0x08002548   0x08002548   0x00000018   Data   RO         2157    .constdata          system_stm32f0xx.o
    0x08002560   0x08002560   0x00000020   Data   RO         2209    Region$$Table       anon$$obj.o


    Execution Region RW_IRAM1 (Exec base: 0x20000000, Load base: 0x08002580, Size: 0x000011c8, Max: 0x00001800, ABSOLUTE)

    Exec Addr    Load Addr    Size         Type   Attr      Idx    E Section Name        Object

    0x20000000   0x08002580   0x00000055   Data   RW           33    .data               main.o
    0x20000055   0x080025d5   0x00000003   PAD
    0x20000058   0x080025d8   0x00000004   Data   RW         1021    .data               stm32f0xx_hal.o
    0x2000005c   0x080025dc   0x00000004   Data   RW         2158    .data               system_stm32f0xx.o
    0x20000060        -       0x00000c64   Zero   RW           32    .bss                main.o
    0x20000cc4        -       0x000000e0   Zero   RW          284    .bss                usart.o
    0x20000da4   0x080025e0   0x00000004   PAD
    0x20000da8        -       0x00000020   Zero   RW         1968    .bss                stm32f0xx_hal_flash.o
    0x20000dc8        -       0x00000400   Zero   RW            1    STACK               startup_stm32f070x6.o


==============================================================================

Image component sizes


      Code (inc. data)   RO Data    RW Data    ZI Data      Debug   Object Name

       160         10          0          0          0        823   gpio.o
      2534        222          0         85       3172     253152   main.o
       260         34          0          0          0       3104   param_crc.o
        88         38        192          0       1024        624   startup_stm32f070x6.o
       130         14          0          4          0       3471   stm32f0xx_hal.o
       262         30          0          0          0       9908   stm32f0xx_hal_cortex.o
        88          0          0          0          0        991   stm32f0xx_hal_dma.o
       460         52          0          0         32       3986   stm32f0xx_hal_flash.o
        44         10          0          0          0        530   stm32f0xx_hal_flash_ex.o
       508         26          0          0          0       2140   stm32f0xx_hal_gpio.o
        96          6          0          0          0        802   stm32f0xx_hal_msp.o
      2008         94          0          0          0       4785   stm32f0xx_hal_rcc.o
      1988         36          0          0          0       9603   stm32f0xx_hal_uart.o
        38          6          0          0          0       2403   stm32f0xx_it.o
       128         12         24          4          0       1079   system_stm32f0xx.o
       372         62          0          0        224       2059   usart.o

    ----------------------------------------------------------------------
      9184        652        248         96       4456     299460   Object Totals
         0          0         32          0          0          0   (incl. Generated)
        20          0          0          3          4          0   (incl. Padding)

    ----------------------------------------------------------------------

      Code (inc. data)   RO Data    RW Data    ZI Data      Debug   Library Member Name

         0          0          0          0          0          0   entry.o
         0          0          0          0          0          0   entry10a.o
         0          0          0          0          0          0   entry11a.o
         8          4          0          0          0          0   entry2.o
         4          0          0          0          0          0   entry5.o
         0          0          0          0          0          0   entry7b.o
         0          0          0          0          0          0   entry8b.o
         8          4          0          0          0          0   entry9a.o
        30          0          0          0          0          0   handlers.o
        36          8          0          0          0         68   init.o
        34          0          0          0          0         68   llushr.o
        44          0          0          0          0         72   uidiv.o

    ----------------------------------------------------------------------
       168         16          0          0          0        208   Library Totals
         4          0          0          0          0          0   (incl. Padding)

    ----------------------------------------------------------------------

      Code (inc. data)   RO Data    RW Data    ZI Data      Debug   Library Name

       164         16          0          0          0        208   mc_p.l

    ----------------------------------------------------------------------
       168         16          0          0          0        208   Library Totals

    ----------------------------------------------------------------------

==============================================================================


      Code (inc. data)   RO Data    RW Data    ZI Data      Debug   

      9352        668        248         96       4456     296828   Grand Totals
      9352        668        248         96       4456     296828   ELF Image Totals
      9352        668        248         96          0          0   ROM Totals

==============================================================================

    Total RO  Size (Code + RO Data)                 9600 (   9.38kB)
    Total RW  Size (RW Data + ZI Data)              4552 (   4.45kB)
    Total ROM Size (Code + RO Data + RW Data)       9696 (   9.47kB)

==============================================================================

