<html>
<body>
<pre>
<h1>µVision Build Log</h1>
<h2>Tool Versions:</h2>
IDE-Version: µVision V5.24.2.0
Copyright (C) 2017 ARM Ltd and ARM Germany GmbH. All rights reserved.
License Information: evg mig, personal, LIC=----
 
Tool Versions:
Toolchain:       MDK-Lite  Version: 5.24.1
Toolchain Path:  C:\Keil_v5\ARM\ARMCC\Bin
C Compiler:      Armcc.exe V5.06 update 5 (build 528)
Assembler:       Armasm.exe V5.06 update 5 (build 528)
Linker/Locator:  ArmLink.exe V5.06 update 5 (build 528)
Library Manager: ArmAr.exe V5.06 update 5 (build 528)
Hex Converter:   FromElf.exe V5.06 update 5 (build 528)
CPU DLL:         SARMCM3.DLL V5.24.1
Dialog DLL:      DARMCM1.DLL V1.18.0.0
Target DLL:      STLink\ST-LINKIII-KEIL_SWO.dll V3.0.1.0
Dialog DLL:      TARMCM1.DLL V1.13.0.0
 
<h2>Project:</h2>
C:\work\prj\keil_bootloader\raw\MDK-ARM\raw.uvprojx
Project File Date:  10/11/2018

<h2>Output:</h2>
*** Using Compiler 'V5.06 update 5 (build 528)', folder: 'C:\Keil_v5\ARM\ARMCC\Bin'
Build target 'raw'
compiling main.c...
../Src/main.c(408): warning:  #111-D: statement is unreachable
  		break;
../Src/main.c(431): warning:  #223-D: function "FLASH_PageErase" declared implicitly
  			FLASH_PageErase( EXTENDED_LINEAR_ADDRESS + FW_SHIFT + msg_param.page * FLASH_PAGE_SIZE );
../Src/main.c(403): warning:  #546-D: transfer of control bypasses initialization of:
            variable "lng_tmp"  (declared at line 418)
  	switch(buf[1])
  	^
../Src/main.c(493): warning:  #223-D: function "FLASH_PageErase" declared implicitly
  			FLASH_PageErase(addr + ( page_num * FLASH_PAGE_SIZE));
../Src/main.c(501): warning:  #940-D: missing return statement at end of non-void function "FLASH_Erase" 
  };
../Src/main.c(504): warning:  #550-D: variable "is_end"  was set but never used
  	bool is_end = false;
../Src/main.c(741): warning:  #940-D: missing return statement at end of non-void function "Ascii_To_Hex_Short" 
  }
../Src/main.c(830): warning:  #174-D: expression has no effect
  	
CC_APB2ENR_SYSCFGEN;
../Src/main.c(895): warning:  #940-D: missing return statement at end of non-void function "get_param" 
  }; 
../Src/main.c(888): warning:  #177-D: variable "m"  was declared but never referenced
  		uint16_t m = *msg_ln;
../Src/main.c: 10 warnings, 0 errors
linking...
Program Size: Code=9352 RO-data=248 RW-data=96 ZI-data=4456  
FromELF: creating hex file...
"raw\raw.axf" - 0 Error(s), 10 Warning(s).

<h2>Software Packages used:</h2>

Package Vendor: ARM
                http://www.keil.com/pack/ARM.CMSIS.5.4.0.pack
                ARM.CMSIS.5.4.0
                CMSIS (Cortex Microcontroller Software Interface Standard)
   * Component: CORE Version: 5.1.2

Package Vendor: Keil
                http://www.keil.com/pack/Keil.STM32F0xx_DFP.2.0.0.pack
                Keil.STM32F0xx_DFP.2.0.0
                STMicroelectronics STM32F0 Series Device Support, Drivers and Examples

<h2>Collection of Component include folders:</h2>
  .\RTE\_raw
  C:\Keil_v5\ARM\PACK\ARM\CMSIS\5.4.0\CMSIS\Core\Include
  C:\Keil_v5\ARM\PACK\Keil\STM32F0xx_DFP\2.0.0\Drivers\CMSIS\Device\ST\STM32F0xx\Include

<h2>Collection of Component Files used:</h2>

   * Component: ARM::CMSIS:CORE:5.1.2
Build Time Elapsed:  00:00:01
</pre>
</body>
</html>
